Archive member included to satisfy reference by file (symbol)

/opt/homebrew/Cellar/arm-none-eabi-gcc/10.3-2021.07/gcc/bin/../lib/gcc/arm-none-eabi/10.3.1/../../../../arm-none-eabi/lib/thumb/v7-m/nofp/libc_nano.a(lib_a-exit.o)
                              /opt/homebrew/Cellar/arm-none-eabi-gcc/10.3-2021.07/gcc/bin/../lib/gcc/arm-none-eabi/10.3.1/../../../../arm-none-eabi/lib/thumb/v7-m/nofp/crt0.o (exit)
/opt/homebrew/Cellar/arm-none-eabi-gcc/10.3-2021.07/gcc/bin/../lib/gcc/arm-none-eabi/10.3.1/../../../../arm-none-eabi/lib/thumb/v7-m/nofp/libc_nano.a(lib_a-impure.o)
                              /opt/homebrew/Cellar/arm-none-eabi-gcc/10.3-2021.07/gcc/bin/../lib/gcc/arm-none-eabi/10.3.1/../../../../arm-none-eabi/lib/thumb/v7-m/nofp/libc_nano.a(lib_a-exit.o) (_global_impure_ptr)
/opt/homebrew/Cellar/arm-none-eabi-gcc/10.3-2021.07/gcc/bin/../lib/gcc/arm-none-eabi/10.3.1/../../../../arm-none-eabi/lib/thumb/v7-m/nofp/libc_nano.a(lib_a-init.o)
                              /opt/homebrew/Cellar/arm-none-eabi-gcc/10.3-2021.07/gcc/bin/../lib/gcc/arm-none-eabi/10.3.1/../../../../arm-none-eabi/lib/thumb/v7-m/nofp/crt0.o (__libc_init_array)
/opt/homebrew/Cellar/arm-none-eabi-gcc/10.3-2021.07/gcc/bin/../lib/gcc/arm-none-eabi/10.3.1/../../../../arm-none-eabi/lib/thumb/v7-m/nofp/libc_nano.a(lib_a-memcpy-stub.o)
                              obj/app.o (memcpy)
/opt/homebrew/Cellar/arm-none-eabi-gcc/10.3-2021.07/gcc/bin/../lib/gcc/arm-none-eabi/10.3.1/../../../../arm-none-eabi/lib/thumb/v7-m/nofp/libc_nano.a(lib_a-memset.o)
                              /opt/homebrew/Cellar/arm-none-eabi-gcc/10.3-2021.07/gcc/bin/../lib/gcc/arm-none-eabi/10.3.1/../../../../arm-none-eabi/lib/thumb/v7-m/nofp/crt0.o (memset)

Discarded input sections

 .text          0x0000000000000000        0x0 /opt/homebrew/Cellar/arm-none-eabi-gcc/10.3-2021.07/gcc/bin/../lib/gcc/arm-none-eabi/10.3.1/thumb/v7-m/nofp/crti.o
 .data          0x0000000000000000        0x0 /opt/homebrew/Cellar/arm-none-eabi-gcc/10.3-2021.07/gcc/bin/../lib/gcc/arm-none-eabi/10.3.1/thumb/v7-m/nofp/crti.o
 .bss           0x0000000000000000        0x0 /opt/homebrew/Cellar/arm-none-eabi-gcc/10.3-2021.07/gcc/bin/../lib/gcc/arm-none-eabi/10.3.1/thumb/v7-m/nofp/crti.o
 .data          0x0000000000000000        0x4 /opt/homebrew/Cellar/arm-none-eabi-gcc/10.3-2021.07/gcc/bin/../lib/gcc/arm-none-eabi/10.3.1/thumb/v7-m/nofp/crtbegin.o
 .rodata        0x0000000000000000       0x24 /opt/homebrew/Cellar/arm-none-eabi-gcc/10.3-2021.07/gcc/bin/../lib/gcc/arm-none-eabi/10.3.1/thumb/v7-m/nofp/crtbegin.o
 .text          0x0000000000000000       0x7c /opt/homebrew/Cellar/arm-none-eabi-gcc/10.3-2021.07/gcc/bin/../lib/gcc/arm-none-eabi/10.3.1/../../../../arm-none-eabi/lib/thumb/v7-m/nofp/crt0.o
 .data          0x0000000000000000        0x0 /opt/homebrew/Cellar/arm-none-eabi-gcc/10.3-2021.07/gcc/bin/../lib/gcc/arm-none-eabi/10.3.1/../../../../arm-none-eabi/lib/thumb/v7-m/nofp/crt0.o
 .bss           0x0000000000000000        0x0 /opt/homebrew/Cellar/arm-none-eabi-gcc/10.3-2021.07/gcc/bin/../lib/gcc/arm-none-eabi/10.3.1/../../../../arm-none-eabi/lib/thumb/v7-m/nofp/crt0.o
 .ARM.extab     0x0000000000000000        0x0 /opt/homebrew/Cellar/arm-none-eabi-gcc/10.3-2021.07/gcc/bin/../lib/gcc/arm-none-eabi/10.3.1/../../../../arm-none-eabi/lib/thumb/v7-m/nofp/crt0.o
 .ARM.exidx     0x0000000000000000       0x10 /opt/homebrew/Cellar/arm-none-eabi-gcc/10.3-2021.07/gcc/bin/../lib/gcc/arm-none-eabi/10.3.1/../../../../arm-none-eabi/lib/thumb/v7-m/nofp/crt0.o
 .ARM.attributes
                0x0000000000000000       0x1b /opt/homebrew/Cellar/arm-none-eabi-gcc/10.3-2021.07/gcc/bin/../lib/gcc/arm-none-eabi/10.3.1/../../../../arm-none-eabi/lib/thumb/v7-m/nofp/crt0.o
 .group         0x0000000000000000        0xc obj/app.o
 .group         0x0000000000000000        0xc obj/app.o
 .group         0x0000000000000000        0xc obj/app.o
 .group         0x0000000000000000        0xc obj/app.o
 .group         0x0000000000000000        0xc obj/app.o
 .group         0x0000000000000000        0xc obj/app.o
 .group         0x0000000000000000        0xc obj/app.o
 .group         0x0000000000000000        0xc obj/app.o
 .group         0x0000000000000000        0xc obj/app.o
 .group         0x0000000000000000        0xc obj/app.o
 .group         0x0000000000000000        0xc obj/app.o
 .group         0x0000000000000000        0xc obj/app.o
 .group         0x0000000000000000        0xc obj/app.o
 .group         0x0000000000000000        0xc obj/app.o
 .group         0x0000000000000000        0xc obj/app.o
 .group         0x0000000000000000        0xc obj/app.o
 .group         0x0000000000000000        0xc obj/app.o
 .group         0x0000000000000000        0xc obj/app.o
 .group         0x0000000000000000        0xc obj/app.o
 .group         0x0000000000000000        0xc obj/app.o
 .group         0x0000000000000000        0xc obj/app.o
 .group         0x0000000000000000        0xc obj/app.o
[...]
Memory Configuration

Name             Origin             Length             Attributes
FLASH            0x0000000008000000 0x000000000001fc00 xr
RAM              0x0000000020000000 0x0000000000005000 xrw
*default*        0x0000000000000000 0xffffffffffffffff

Linker script and memory map

LOAD /opt/homebrew/Cellar/arm-none-eabi-gcc/10.3-2021.07/gcc/bin/../lib/gcc/arm-none-eabi/10.3.1/thumb/v7-m/nofp/crti.o
LOAD /opt/homebrew/Cellar/arm-none-eabi-gcc/10.3-2021.07/gcc/bin/../lib/gcc/arm-none-eabi/10.3.1/thumb/v7-m/nofp/crtbegin.o
LOAD /opt/homebrew/Cellar/arm-none-eabi-gcc/10.3-2021.07/gcc/bin/../lib/gcc/arm-none-eabi/10.3.1/../../../../arm-none-eabi/lib/thumb/v7-m/nofp/crt0.o
LOAD obj/app.o
LOAD obj/assert.o
LOAD obj/constManager.o
LOAD obj/deviceDefinition.o
LOAD obj/msp.o
LOAD obj/stm32f1xx_it.o
LOAD obj/system_stm32f1xx.o
LOAD obj/trapezoid_ctrl.o
LOAD obj/stm32f1xx_hal.o
LOAD obj/stm32f1xx_hal_adc.o
LOAD obj/stm32f1xx_hal_adc_ex.o
LOAD obj/stm32f1xx_hal_can.o
LOAD obj/stm32f1xx_hal_cec.o
LOAD obj/stm32f1xx_hal_cortex.o
LOAD obj/stm32f1xx_hal_crc.o
LOAD obj/stm32f1xx_hal_dac.o
LOAD obj/stm32f1xx_hal_dac_ex.o
LOAD obj/stm32f1xx_hal_dma.o
LOAD obj/stm32f1xx_hal_eth.o
LOAD obj/stm32f1xx_hal_flash.o
LOAD obj/stm32f1xx_hal_flash_ex.o
LOAD obj/stm32f1xx_hal_gpio.o
LOAD obj/stm32f1xx_hal_gpio_ex.o
LOAD obj/stm32f1xx_hal_hcd.o
LOAD obj/stm32f1xx_hal_i2c.o
LOAD obj/stm32f1xx_hal_i2s.o
LOAD obj/stm32f1xx_hal_irda.o
LOAD obj/stm32f1xx_hal_iwdg.o
LOAD obj/stm32f1xx_hal_nand.o
LOAD obj/stm32f1xx_hal_nor.o
LOAD obj/stm32f1xx_hal_pccard.o
LOAD obj/stm32f1xx_hal_pcd.o
LOAD obj/stm32f1xx_hal_pcd_ex.o
LOAD obj/stm32f1xx_hal_pwr.o
LOAD obj/stm32f1xx_hal_rcc.o
LOAD obj/stm32f1xx_hal_rcc_ex.o
LOAD obj/stm32f1xx_hal_rtc.o
LOAD obj/stm32f1xx_hal_rtc_ex.o
LOAD obj/stm32f1xx_hal_sd.o
LOAD obj/stm32f1xx_hal_smartcard.o
LOAD obj/stm32f1xx_hal_spi.o
LOAD obj/stm32f1xx_hal_spi_ex.o
LOAD obj/stm32f1xx_hal_sram.o
LOAD obj/stm32f1xx_hal_tim.o
LOAD obj/stm32f1xx_hal_tim_ex.o
LOAD obj/stm32f1xx_hal_uart.o
LOAD obj/stm32f1xx_hal_usart.o
LOAD obj/stm32f1xx_hal_wwdg.o
LOAD obj/stm32f1xx_ll_fsmc.o
LOAD obj/stm32f1xx_ll_sdmmc.o
LOAD obj/stm32f1xx_ll_usb.o
LOAD obj/MW_ENCODER.o
LOAD obj/MW_GPIO.o
LOAD obj/MW_I2C.o
LOAD obj/MW_IWDG.o
LOAD obj/MW_TIM.o
LOAD obj/MW_USART.o
LOAD obj/MW_flash.o
LOAD obj/message.o
LOAD obj/xprintf.o
LOAD obj/DD_AB.o
LOAD obj/DD_ENCODER.o
LOAD obj/DD_Gene.o
LOAD obj/DD_LD.o
LOAD obj/DD_MD.o
LOAD obj/DD_RC.o
LOAD obj/DD_SS.o
LOAD obj/DD_SV.o
LOAD obj/SystemTaskManager.o
LOAD obj/startup.o
START GROUP
LOAD /opt/homebrew/Cellar/arm-none-eabi-gcc/10.3-2021.07/gcc/bin/../lib/gcc/arm-none-eabi/10.3.1/thumb/v7-m/nofp/libgcc.a
END GROUP
START GROUP
LOAD /opt/homebrew/Cellar/arm-none-eabi-gcc/10.3-2021.07/gcc/bin/../lib/gcc/arm-none-eabi/10.3.1/thumb/v7-m/nofp/libgcc.a
LOAD /opt/homebrew/Cellar/arm-none-eabi-gcc/10.3-2021.07/gcc/bin/../lib/gcc/arm-none-eabi/10.3.1/../../../../arm-none-eabi/lib/thumb/v7-m/nofp/libc_nano.a
END GROUP
START GROUP
LOAD /opt/homebrew/Cellar/arm-none-eabi-gcc/10.3-2021.07/gcc/bin/../lib/gcc/arm-none-eabi/10.3.1/thumb/v7-m/nofp/libgcc.a
LOAD /opt/homebrew/Cellar/arm-none-eabi-gcc/10.3-2021.07/gcc/bin/../lib/gcc/arm-none-eabi/10.3.1/../../../../arm-none-eabi/lib/thumb/v7-m/nofp/libc_nano.a
END GROUP
LOAD /opt/homebrew/Cellar/arm-none-eabi-gcc/10.3-2021.07/gcc/bin/../lib/gcc/arm-none-eabi/10.3.1/thumb/v7-m/nofp/crtend.o
LOAD /opt/homebrew/Cellar/arm-none-eabi-gcc/10.3-2021.07/gcc/bin/../lib/gcc/arm-none-eabi/10.3.1/thumb/v7-m/nofp/crtn.o
                0x0000000020005000                _estack = 0x20005000
                0x0000000000000200                _Min_Heap_Size = 0x200
                0x0000000000000400                _Min_Stack_Size = 0x400

.isr_vector     0x0000000008000000      0x10c
                0x0000000008000000                . = ALIGN (0x4)
 *(.isr_vector)
 .isr_vector    0x0000000008000000      0x10c obj/startup.o
                0x0000000008000000                g_pfnVectors
                0x000000000800010c                . = ALIGN (0x4)

.text           0x000000000800010c     0x3d4c
                0x000000000800010c                . = ALIGN (0x4)
 *(.text)
 .text          0x000000000800010c       0x40 /opt/homebrew/Cellar/arm-none-eabi-gcc/10.3-2021.07/gcc/bin/../lib/gcc/arm-none-eabi/10.3.1/thumb/v7-m/nofp/crtbegin.o
 *(.text*)
 .text.Suspension
                0x000000000800014c       0x2c obj/app.o
 .text.suspensionSystem
                0x0000000008000178       0xc0 obj/app.o
 .text.appInit  0x0000000008000238       0x44 obj/app.o
                0x0000000008000238                appInit
 .text.appTask  0x000000000800027c       0x10 obj/app.o
                0x000000000800027c                appTask
 .text.assert_failed
                0x000000000800028c        0x2 obj/assert.o
                0x000000000800028c                assert_failed
 *fill*         0x000000000800028e        0x2 
 .text.reloadDefault
                0x0000000008000290      0x1bc obj/constManager.o
 .text.load     0x000000000800044c       0x40 obj/constManager.o
 .text.ad_init  0x000000000800048c        0xc obj/constManager.o
                0x000000000800048c                ad_init
 .text.HAL_MspInit
                0x0000000008000498       0x7c obj/msp.o
                0x0000000008000498                HAL_MspInit
 .text.HAL_I2C_MspInit
                0x0000000008000514      0x100 obj/msp.o
                0x0000000008000514                HAL_I2C_MspInit
 .text.HAL_UART_MspInit
                0x0000000008000614      0x1fc obj/msp.o
                0x0000000008000614                HAL_UART_MspInit
 .text.NMI_Handler
                0x0000000008000810        0x2 obj/stm32f1xx_it.o
                0x0000000008000810                NMI_Handler
 .text.HardFault_Handler
                0x0000000008000812        0x2 obj/stm32f1xx_it.o
                0x0000000008000812                HardFault_Handler
 .text.MemManage_Handler
                0x0000000008000814        0x2 obj/stm32f1xx_it.o
                0x0000000008000814                MemManage_Handler
 .text.BusFault_Handler
                0x0000000008000816        0x2 obj/stm32f1xx_it.o
                0x0000000008000816                BusFault_Handler
 .text.UsageFault_Handler
                0x0000000008000818        0x2 obj/stm32f1xx_it.o
                0x0000000008000818                UsageFault_Handler
 .text.SVC_Handler
                0x000000000800081a        0x2 obj/stm32f1xx_it.o
                0x000000000800081a                SVC_Handler
 .text.DebugMon_Handler
                0x000000000800081c        0x2 obj/stm32f1xx_it.o
                0x000000000800081c                DebugMon_Handler
 .text.PendSV_Handler
                0x000000000800081e        0x2 obj/stm32f1xx_it.o
                0x000000000800081e                PendSV_Handler
 .text.SysTick_Handler
                0x0000000008000820       0x18 obj/stm32f1xx_it.o
                0x0000000008000820                SysTick_Handler
 .text.DMA1_Channel7_IRQHandler
                0x0000000008000838       0x10 obj/stm32f1xx_it.o
                0x0000000008000838                DMA1_Channel7_IRQHandler
 .text.DMA1_Channel3_IRQHandler
                0x0000000008000848       0x10 obj/stm32f1xx_it.o
                0x0000000008000848                DMA1_Channel3_IRQHandler
 .text.USART3_IRQHandler
                0x0000000008000858       0x10 obj/stm32f1xx_it.o
                0x0000000008000858                USART3_IRQHandler
 .text.USART2_IRQHandler
                0x0000000008000868       0x10 obj/stm32f1xx_it.o
                0x0000000008000868                USART2_IRQHandler
 .text.SystemInit
                0x0000000008000878       0x4c obj/system_stm32f1xx.o
                0x0000000008000878                SystemInit
 .text.trapezoidCtrl
                0x00000000080008c4       0xa8 obj/trapezoid_ctrl.o
                0x00000000080008c4                trapezoidCtrl
 .text.HAL_InitTick
                0x000000000800096c       0x28 obj/stm32f1xx_hal.o
                0x000000000800096c                HAL_InitTick
 .text.HAL_Init
                0x0000000008000994       0x24 obj/stm32f1xx_hal.o
                0x0000000008000994                HAL_Init
 .text.HAL_IncTick
                0x00000000080009b8       0x10 obj/stm32f1xx_hal.o
                0x00000000080009b8                HAL_IncTick
 .text.HAL_GetTick
                0x00000000080009c8        0xc obj/stm32f1xx_hal.o
                0x00000000080009c8                HAL_GetTick
 .text.HAL_Delay
                0x00000000080009d4       0x1c obj/stm32f1xx_hal.o
                0x00000000080009d4                HAL_Delay
 .text.HAL_NVIC_SetPriorityGrouping
                0x00000000080009f0       0x3c obj/stm32f1xx_hal_cortex.o
                0x00000000080009f0                HAL_NVIC_SetPriorityGrouping
 .text.HAL_NVIC_SetPriority
                0x0000000008000a2c       0x8c obj/stm32f1xx_hal_cortex.o
                0x0000000008000a2c                HAL_NVIC_SetPriority
 .text.HAL_NVIC_EnableIRQ
                0x0000000008000ab8       0x2c obj/stm32f1xx_hal_cortex.o
                0x0000000008000ab8                HAL_NVIC_EnableIRQ
 .text.HAL_SYSTICK_Config
                0x0000000008000ae4       0x28 obj/stm32f1xx_hal_cortex.o
                0x0000000008000ae4                HAL_SYSTICK_Config
 .text.HAL_SYSTICK_CLKSourceConfig
                0x0000000008000b0c       0x3c obj/stm32f1xx_hal_cortex.o
                0x0000000008000b0c                HAL_SYSTICK_CLKSourceConfig
 .text.HAL_SYSTICK_Callback
                0x0000000008000b48        0x2 obj/stm32f1xx_hal_cortex.o
                0x0000000008000b48                HAL_SYSTICK_Callback
 .text.HAL_SYSTICK_IRQHandler
                0x0000000008000b4a        0x8 obj/stm32f1xx_hal_cortex.o
                0x0000000008000b4a                HAL_SYSTICK_IRQHandler
 .text.DMA_SetConfig
                0x0000000008000b52       0x22 obj/stm32f1xx_hal_dma.o
 .text.HAL_DMA_Init
                0x0000000008000b74      0x138 obj/stm32f1xx_hal_dma.o
                0x0000000008000b74                HAL_DMA_Init
 .text.HAL_DMA_Start_IT
                0x0000000008000cac       0x80 obj/stm32f1xx_hal_dma.o
                0x0000000008000cac                HAL_DMA_Start_IT
 .text.HAL_DMA_IRQHandler
                0x0000000008000d2c      0x270 obj/stm32f1xx_hal_dma.o
                0x0000000008000d2c                HAL_DMA_IRQHandler
 .text.HAL_GPIO_Init
                0x0000000008000f9c      0x35c obj/stm32f1xx_hal_gpio.o
                0x0000000008000f9c                HAL_GPIO_Init
 .text.HAL_GPIO_WritePin
                0x00000000080012f8       0x38 obj/stm32f1xx_hal_gpio.o
                0x00000000080012f8                HAL_GPIO_WritePin
 .text.I2C_Configure_Speed
                0x0000000008001330       0x50 obj/stm32f1xx_hal_i2c.o
 .text.I2C_IsAcknowledgeFailed
                0x0000000008001380       0x2a obj/stm32f1xx_hal_i2c.o
 .text.I2C_WaitOnFlagUntilTimeout
                0x00000000080013aa       0xc0 obj/stm32f1xx_hal_i2c.o
 .text.I2C_WaitOnMasterAddressFlagUntilTimeout
                0x000000000800146a       0x92 obj/stm32f1xx_hal_i2c.o
 .text.I2C_MasterRequestWrite
                0x00000000080014fc       0x88 obj/stm32f1xx_hal_i2c.o
 .text.I2C_WaitOnTXEFlagUntilTimeout
                0x0000000008001584       0x50 obj/stm32f1xx_hal_i2c.o
 .text.I2C_WaitOnBTFFlagUntilTimeout
                0x00000000080015d4       0x50 obj/stm32f1xx_hal_i2c.o
 .text.HAL_I2C_Init
                0x0000000008001624      0x188 obj/stm32f1xx_hal_i2c.o
                0x0000000008001624                HAL_I2C_Init
 .text.HAL_I2C_Master_Transmit
                0x00000000080017ac      0x134 obj/stm32f1xx_hal_i2c.o
                0x00000000080017ac                HAL_I2C_Master_Transmit
 .text.HAL_IWDG_MspInit
                0x00000000080018e0        0x2 obj/stm32f1xx_hal_iwdg.o
                0x00000000080018e0                HAL_IWDG_MspInit
 *fill*         0x00000000080018e2        0x2 
 .text.HAL_IWDG_Init
                0x00000000080018e4       0xa0 obj/stm32f1xx_hal_iwdg.o
                0x00000000080018e4                HAL_IWDG_Init
 .text.HAL_IWDG_Start
                0x0000000008001984       0x2c obj/stm32f1xx_hal_iwdg.o
                0x0000000008001984                HAL_IWDG_Start
 .text.HAL_IWDG_Refresh
                0x00000000080019b0       0x4c obj/stm32f1xx_hal_iwdg.o
                0x00000000080019b0                HAL_IWDG_Refresh
 .text.HAL_RCC_OscConfig
                0x00000000080019fc      0x714 obj/stm32f1xx_hal_rcc.o
                0x00000000080019fc                HAL_RCC_OscConfig
 .text.HAL_RCC_GetSysClockFreq
                0x0000000008002110       0x8c obj/stm32f1xx_hal_rcc.o
                0x0000000008002110                HAL_RCC_GetSysClockFreq
 .text.HAL_RCC_ClockConfig
                0x000000000800219c      0x2a4 obj/stm32f1xx_hal_rcc.o
                0x000000000800219c                HAL_RCC_ClockConfig
 .text.HAL_RCC_GetHCLKFreq
                0x0000000008002440        0xc obj/stm32f1xx_hal_rcc.o
                0x0000000008002440                HAL_RCC_GetHCLKFreq
 .text.HAL_RCC_GetPCLK1Freq
                0x000000000800244c       0x2c obj/stm32f1xx_hal_rcc.o
                0x000000000800244c                HAL_RCC_GetPCLK1Freq
 .text.HAL_RCC_GetPCLK2Freq
                0x0000000008002478       0x2c obj/stm32f1xx_hal_rcc.o
                0x0000000008002478                HAL_RCC_GetPCLK2Freq
 .text.HAL_RCCEx_PeriphCLKConfig
                0x00000000080024a4      0x198 obj/stm32f1xx_hal_rcc_ex.o
                0x00000000080024a4                HAL_RCCEx_PeriphCLKConfig
 .text.HAL_TIM_PeriodElapsedCallback
                0x000000000800263c        0x2 obj/stm32f1xx_hal_tim.o
                0x000000000800263c                HAL_TIM_PeriodElapsedCallback
 .text.HAL_TIM_OC_DelayElapsedCallback
                0x000000000800263e        0x2 obj/stm32f1xx_hal_tim.o
                0x000000000800263e                HAL_TIM_OC_DelayElapsedCallback
 .text.HAL_TIM_IC_CaptureCallback
                0x0000000008002640        0x2 obj/stm32f1xx_hal_tim.o
                0x0000000008002640                HAL_TIM_IC_CaptureCallback
 .text.HAL_TIM_PWM_PulseFinishedCallback
                0x0000000008002642        0x2 obj/stm32f1xx_hal_tim.o
                0x0000000008002642                HAL_TIM_PWM_PulseFinishedCallback
 .text.HAL_TIM_TriggerCallback
                0x0000000008002644        0x2 obj/stm32f1xx_hal_tim.o
                0x0000000008002644                HAL_TIM_TriggerCallback
 .text.HAL_TIM_IRQHandler
                0x0000000008002646      0x17a obj/stm32f1xx_hal_tim.o
                0x0000000008002646                HAL_TIM_IRQHandler
 .text.HAL_TIMEx_CommutationCallback
                0x00000000080027c0        0x2 obj/stm32f1xx_hal_tim_ex.o
                0x00000000080027c0                HAL_TIMEx_CommutationCallback
 .text.HAL_TIMEx_BreakCallback
                0x00000000080027c2        0x2 obj/stm32f1xx_hal_tim_ex.o
                0x00000000080027c2                HAL_TIMEx_BreakCallback
 .text.UART_Transmit_IT
                0x00000000080027c4       0x68 obj/stm32f1xx_hal_uart.o
 .text.UART_SetConfig
                0x000000000800282c      0x20c obj/stm32f1xx_hal_uart.o
 .text.HAL_UART_Init
                0x0000000008002a38       0xf8 obj/stm32f1xx_hal_uart.o
                0x0000000008002a38                HAL_UART_Init
 .text.HAL_UART_Transmit_DMA
                0x0000000008002b30       0xa0 obj/stm32f1xx_hal_uart.o
                0x0000000008002b30                HAL_UART_Transmit_DMA
 .text.HAL_UART_Receive_DMA
                0x0000000008002bd0       0x98 obj/stm32f1xx_hal_uart.o
                0x0000000008002bd0                HAL_UART_Receive_DMA
 .text.UART_DMATransmitCplt
                0x0000000008002c68       0x30 obj/stm32f1xx_hal_uart.o
 .text.UART_EndTransmit_IT
                0x0000000008002c98       0x2c obj/stm32f1xx_hal_uart.o
 .text.HAL_UART_TxHalfCpltCallback
                0x0000000008002cc4        0x2 obj/stm32f1xx_hal_uart.o
                0x0000000008002cc4                HAL_UART_TxHalfCpltCallback
 .text.UART_DMATxHalfCplt
                0x0000000008002cc6        0xa obj/stm32f1xx_hal_uart.o
 .text.UART_DMAReceiveCplt
                0x0000000008002cd0       0x3c obj/stm32f1xx_hal_uart.o
 .text.UART_Receive_IT
                0x0000000008002d0c       0xb6 obj/stm32f1xx_hal_uart.o
 .text.HAL_UART_RxHalfCpltCallback
                0x0000000008002dc2        0x2 obj/stm32f1xx_hal_uart.o
                0x0000000008002dc2                HAL_UART_RxHalfCpltCallback
 .text.UART_DMARxHalfCplt
                0x0000000008002dc4        0xa obj/stm32f1xx_hal_uart.o
 .text.HAL_UART_ErrorCallback
                0x0000000008002dce        0x2 obj/stm32f1xx_hal_uart.o
                0x0000000008002dce                HAL_UART_ErrorCallback
 .text.UART_DMAError
                0x0000000008002dd0       0x1e obj/stm32f1xx_hal_uart.o
 .text.HAL_UART_IRQHandler
                0x0000000008002dee       0xca obj/stm32f1xx_hal_uart.o
                0x0000000008002dee                HAL_UART_IRQHandler
 .text.MW_SetGPIOPin
                0x0000000008002eb8        0xc obj/MW_GPIO.o
                0x0000000008002eb8                MW_SetGPIOPin
 .text.MW_SetGPIOMode
                0x0000000008002ec4        0xc obj/MW_GPIO.o
                0x0000000008002ec4                MW_SetGPIOMode
 .text.MW_SetGPIOPull
                0x0000000008002ed0        0xc obj/MW_GPIO.o
                0x0000000008002ed0                MW_SetGPIOPull
 .text.MW_SetGPIOSpeed
                0x0000000008002edc        0xc obj/MW_GPIO.o
                0x0000000008002edc                MW_SetGPIOSpeed
 .text.MW_GPIOInit
                0x0000000008002ee8       0x2c obj/MW_GPIO.o
                0x0000000008002ee8                MW_GPIOInit
 .text.MW_GPIOWrite
                0x0000000008002f14       0x30 obj/MW_GPIO.o
                0x0000000008002f14                MW_GPIOWrite
 .text.MW_SetI2CClockSpeed
                0x0000000008002f44       0x28 obj/MW_I2C.o
                0x0000000008002f44                MW_SetI2CClockSpeed
 .text.MW_I2CInit
                0x0000000008002f6c       0x18 obj/MW_I2C.o
                0x0000000008002f6c                MW_I2CInit
 .text.MW_I2C1Transmit
                0x0000000008002f84       0x28 obj/MW_I2C.o
                0x0000000008002f84                MW_I2C1Transmit
 .text.MW_SetIWDGPrescaler
                0x0000000008002fac        0xc obj/MW_IWDG.o
                0x0000000008002fac                MW_SetIWDGPrescaler
 .text.MW_SetIWDGReload
                0x0000000008002fb8        0xc obj/MW_IWDG.o
                0x0000000008002fb8                MW_SetIWDGReload
 .text.MW_IWDGInit
                0x0000000008002fc4       0x1c obj/MW_IWDG.o
                0x0000000008002fc4                MW_IWDGInit
 .text.MW_IWDGClr
                0x0000000008002fe0       0x10 obj/MW_IWDG.o
                0x0000000008002fe0                MW_IWDGClr
 .text.TIM1_UP_IRQHandler
                0x0000000008002ff0       0x10 obj/MW_TIM.o
                0x0000000008002ff0                TIM1_UP_IRQHandler
 .text.TIM2_IRQHandler
                0x0000000008003000       0x10 obj/MW_TIM.o
                0x0000000008003000                TIM2_IRQHandler
 .text.MW_USARTSetBaudRate
                0x0000000008003010       0x28 obj/MW_USART.o
                0x0000000008003010                MW_USARTSetBaudRate
 .text.MW_USARTInit
                0x0000000008003038       0x18 obj/MW_USART.o
                0x0000000008003038                MW_USARTInit
 .text.MW_USART2Transmit
                0x0000000008003050       0x1c obj/MW_USART.o
                0x0000000008003050                MW_USART2Transmit
 .text.MW_USART3ReceiveMult
                0x000000000800306c       0x18 obj/MW_USART.o
                0x000000000800306c                MW_USART3ReceiveMult
 .text._xprintf
                0x0000000008003084       0x1c obj/message.o
 .text.MW_waitForMessageTransitionComplete
                0x00000000080030a0       0x3c obj/message.o
                0x00000000080030a0                MW_waitForMessageTransitionComplete
 .text.flush    0x00000000080030dc       0x40 obj/message.o
                0x00000000080030dc                flush
 .text.MW_printf
                0x000000000800311c       0x44 obj/message.o
                0x000000000800311c                MW_printf
 .text._msg     0x0000000008003160       0x4c obj/message.o
                0x0000000008003160                _msg
 .text.MW_messageTransitionCompletedCallBack
                0x00000000080031ac        0xc obj/message.o
                0x00000000080031ac                MW_messageTransitionCompletedCallBack
 .text.xputc    0x00000000080031b8       0x38 obj/xprintf.o
                0x00000000080031b8                xputc
 .text.xputs    0x00000000080031f0       0x14 obj/xprintf.o
                0x00000000080031f0                xputs
 .text.xvprintf
                0x0000000008003204      0x1f8 obj/xprintf.o
                0x0000000008003204                xvprintf
 .text.DD_I2CSend
                0x00000000080033fc       0x3c obj/DD_Gene.o
                0x00000000080033fc                DD_I2CSend
 .text.DD_doTasks
                0x0000000008003438       0x28 obj/DD_Gene.o
                0x0000000008003438                DD_doTasks
 .text.DD_print
                0x0000000008003460       0x20 obj/DD_Gene.o
                0x0000000008003460                DD_print
 .text.DD_initialize
                0x0000000008003480       0x1c obj/DD_Gene.o
                0x0000000008003480                DD_initialize
 .text.DD_send2MD
                0x000000000800349c       0x5c obj/DD_MD.o
                0x000000000800349c                DD_send2MD
 .text.DD_MDHandPrint
                0x00000000080034f8       0x5c obj/DD_MD.o
                0x00000000080034f8                DD_MDHandPrint
 .text.DD_RCInit
                0x0000000008003554       0x7c obj/DD_RC.o
                0x0000000008003554                DD_RCInit
 .text.DD_RC_element
                0x00000000080035d0       0x70 obj/DD_RC.o
                0x00000000080035d0                DD_RC_element
 .text.DD_RCTask
                0x0000000008003640       0x4c obj/DD_RC.o
                0x0000000008003640                DD_RCTask
 .text.DD_RCGetLX
                0x000000000800368c       0x1c obj/DD_RC.o
                0x000000000800368c                DD_RCGetLX
 .text.DD_RCGetLY
                0x00000000080036a8       0x1c obj/DD_RC.o
                0x00000000080036a8                DD_RCGetLY
 .text.DD_RCGetRX
                0x00000000080036c4       0x1c obj/DD_RC.o
                0x00000000080036c4                DD_RCGetRX
 .text.DD_RCGetRY
                0x00000000080036e0       0x1c obj/DD_RC.o
                0x00000000080036e0                DD_RCGetRY
 .text.DD_RCPrint
                0x00000000080036fc      0x298 obj/DD_RC.o
                0x00000000080036fc                DD_RCPrint
 .text.SY_I2CConnTest
                0x0000000008003994        0x4 obj/SystemTaskManager.o
 .text.SY_clockInit
                0x0000000008003998       0xc8 obj/SystemTaskManager.o
 .text.SY_GPIOInit
                0x0000000008003a60       0xb0 obj/SystemTaskManager.o
 .text.SY_init  0x0000000008003b10       0xc8 obj/SystemTaskManager.o
 .text.SY_doAppTasks
                0x0000000008003bd8        0x8 obj/SystemTaskManager.o
 .text.SY_doDevDriverTasks
                0x0000000008003be0        0x8 obj/SystemTaskManager.o
 .text.main     0x0000000008003be8      0x144 obj/SystemTaskManager.o
                0x0000000008003be8                main
 .text.SY_wait  0x0000000008003d2c       0x2c obj/SystemTaskManager.o
                0x0000000008003d2c                SY_wait
 .text.HAL_UART_RxCpltCallback
                0x0000000008003d58       0x3c obj/SystemTaskManager.o
                0x0000000008003d58                HAL_UART_RxCpltCallback
 .text.HAL_UART_TxCpltCallback
                0x0000000008003d94        0x8 obj/SystemTaskManager.o
                0x0000000008003d94                HAL_UART_TxCpltCallback
 .text.Reset_Handler
                0x0000000008003d9c       0x48 obj/startup.o
                0x0000000008003d9c                Reset_Handler
 .text.Default_Handler
                0x0000000008003de4        0x2 obj/startup.o
                0x0000000008003de4                USBWakeUp_IRQHandler
                0x0000000008003de4                EXTI2_IRQHandler
                0x0000000008003de4                TIM1_CC_IRQHandler
                0x0000000008003de4                PVD_IRQHandler
                0x0000000008003de4                EXTI3_IRQHandler
                0x0000000008003de4                EXTI0_IRQHandler
                0x0000000008003de4                I2C2_EV_IRQHandler
                0x0000000008003de4                ADC1_2_IRQHandler
                0x0000000008003de4                SPI1_IRQHandler
                0x0000000008003de4                TAMPER_IRQHandler
                0x0000000008003de4                DMA1_Channel4_IRQHandler
                0x0000000008003de4                RTC_IRQHandler
                0x0000000008003de4                CAN1_RX1_IRQHandler
                0x0000000008003de4                TIM4_IRQHandler
                0x0000000008003de4                I2C1_EV_IRQHandler
                0x0000000008003de4                DMA1_Channel6_IRQHandler
                0x0000000008003de4                TIM3_IRQHandler
                0x0000000008003de4                RCC_IRQHandler
                0x0000000008003de4                TIM1_TRG_COM_IRQHandler
                0x0000000008003de4                DMA1_Channel1_IRQHandler
                0x0000000008003de4                Default_Handler
                0x0000000008003de4                EXTI15_10_IRQHandler
                0x0000000008003de4                EXTI9_5_IRQHandler
                0x0000000008003de4                SPI2_IRQHandler
                0x0000000008003de4                DMA1_Channel5_IRQHandler
                0x0000000008003de4                EXTI4_IRQHandler
                0x0000000008003de4                USB_LP_CAN1_RX0_IRQHandler
                0x0000000008003de4                USB_HP_CAN1_TX_IRQHandler
                0x0000000008003de4                WWDG_IRQHandler
                0x0000000008003de4                TIM1_BRK_IRQHandler
                0x0000000008003de4                EXTI1_IRQHandler
                0x0000000008003de4                I2C2_ER_IRQHandler
                0x0000000008003de4                DMA1_Channel2_IRQHandler
                0x0000000008003de4                CAN1_SCE_IRQHandler
                0x0000000008003de4                FLASH_IRQHandler
                0x0000000008003de4                USART1_IRQHandler
                0x0000000008003de4                I2C1_ER_IRQHandler
                0x0000000008003de4                RTC_Alarm_IRQHandler
 *fill*         0x0000000008003de6        0x2 
 .text.__libc_init_array
                0x0000000008003de8       0x48 /opt/homebrew/Cellar/arm-none-eabi-gcc/10.3-2021.07/gcc/bin/../lib/gcc/arm-none-eabi/10.3.1/../../../../arm-none-eabi/lib/thumb/v7-m/nofp/libc_nano.a(lib_a-init.o)
                0x0000000008003de8                __libc_init_array
 .text.memset   0x0000000008003e30       0x10 /opt/homebrew/Cellar/arm-none-eabi-gcc/10.3-2021.07/gcc/bin/../lib/gcc/arm-none-eabi/10.3.1/../../../../arm-none-eabi/lib/thumb/v7-m/nofp/libc_nano.a(lib_a-memset.o)
                0x0000000008003e30                memset
 *(.glue_7)
 .glue_7        0x0000000008003e40        0x0 linker stubs
 *(.glue_7t)
 .glue_7t       0x0000000008003e40        0x0 linker stubs
 *(.eh_frame)
 .eh_frame      0x0000000008003e40        0x0 /opt/homebrew/Cellar/arm-none-eabi-gcc/10.3-2021.07/gcc/bin/../lib/gcc/arm-none-eabi/10.3.1/thumb/v7-m/nofp/crtbegin.o
 *(.init)
 .init          0x0000000008003e40        0x4 /opt/homebrew/Cellar/arm-none-eabi-gcc/10.3-2021.07/gcc/bin/../lib/gcc/arm-none-eabi/10.3.1/thumb/v7-m/nofp/crti.o
                0x0000000008003e40                _init
 .init          0x0000000008003e44        0x8 /opt/homebrew/Cellar/arm-none-eabi-gcc/10.3-2021.07/gcc/bin/../lib/gcc/arm-none-eabi/10.3.1/thumb/v7-m/nofp/crtn.o
 *(.fini)
 .fini          0x0000000008003e4c        0x4 /opt/homebrew/Cellar/arm-none-eabi-gcc/10.3-2021.07/gcc/bin/../lib/gcc/arm-none-eabi/10.3.1/thumb/v7-m/nofp/crti.o
                0x0000000008003e4c                _fini
 .fini          0x0000000008003e50        0x8 /opt/homebrew/Cellar/arm-none-eabi-gcc/10.3-2021.07/gcc/bin/../lib/gcc/arm-none-eabi/10.3.1/thumb/v7-m/nofp/crtn.o
                0x0000000008003e58                . = ALIGN (0x4)
                0x0000000008003e58                _etext = .

.vfp11_veneer   0x0000000008003e58        0x0
 .vfp11_veneer  0x0000000008003e58        0x0 linker stubs

.v4_bx          0x0000000008003e58        0x0
 .v4_bx         0x0000000008003e58        0x0 linker stubs

.iplt           0x0000000008003e58        0x0
 .iplt          0x0000000008003e58        0x0 /opt/homebrew/Cellar/arm-none-eabi-gcc/10.3-2021.07/gcc/bin/../lib/gcc/arm-none-eabi/10.3.1/thumb/v7-m/nofp/crtbegin.o

.rodata         0x0000000008003e58      0x5ac
                0x0000000008003e58                . = ALIGN (0x4)
 *(.rodata)
 .rodata        0x0000000008003e58        0x8 obj/app.o
 .rodata        0x0000000008003e60       0x50 obj/constManager.o
 *(.rodata*)
 .rodata.appInit.str1.4
                0x0000000008003eb0       0x1c obj/app.o
 .rodata.__FUNCTION__.0
                0x0000000008003ecc        0x8 obj/app.o
 .rodata.reloadDefault.str1.4
                0x0000000008003ed4        0x6 obj/constManager.o
 *fill*         0x0000000008003eda        0x2 
 .rodata.AHBPrescTable
                0x0000000008003edc       0x10 obj/system_stm32f1xx.o
                0x0000000008003edc                AHBPrescTable
 .rodata.APBPrescTable
                0x0000000008003eec        0x8 obj/system_stm32f1xx.o
                0x0000000008003eec                APBPrescTable
 .rodata.HAL_NVIC_SetPriorityGrouping.str1.4
                0x0000000008003ef4       0x38 obj/stm32f1xx_hal_cortex.o
 .rodata.HAL_DMA_Init.str1.4
                0x0000000008003f2c       0x35 obj/stm32f1xx_hal_dma.o
 *fill*         0x0000000008003f61        0x3 
 .rodata.HAL_GPIO_Init.str1.4
                0x0000000008003f64       0x36 obj/stm32f1xx_hal_gpio.o
 *fill*         0x0000000008003f9a        0x2 
 .rodata.HAL_I2C_Init.str1.4
                0x0000000008003f9c       0x35 obj/stm32f1xx_hal_i2c.o
 *fill*         0x0000000008003fd1        0x3 
 .rodata.HAL_IWDG_Init.str1.4
                0x0000000008003fd4       0x36 obj/stm32f1xx_hal_iwdg.o
 *fill*         0x000000000800400a        0x2 
 .rodata.HAL_RCC_OscConfig.str1.4
                0x000000000800400c       0x35 obj/stm32f1xx_hal_rcc.o
 *fill*         0x0000000008004041        0x3 
 .rodata.HAL_RCC_GetSysClockFreq.str1.4
                0x0000000008004044       0x11 obj/stm32f1xx_hal_rcc.o
 *fill*         0x0000000008004055        0x3 
 .rodata.HAL_RCCEx_PeriphCLKConfig.str1.4
                0x0000000008004058       0x38 obj/stm32f1xx_hal_rcc_ex.o
 .rodata.UART_SetConfig.str1.4
                0x0000000008004090       0x36 obj/stm32f1xx_hal_uart.o
 *fill*         0x00000000080040c6        0x2 
 .rodata.MW_GPIOInit.str1.4
                0x00000000080040c8       0x28 obj/MW_GPIO.o
 .rodata.gpioid
                0x00000000080040f0       0x10 obj/MW_GPIO.o
 .rodata.MW_SetI2CClockSpeed.str1.4
                0x0000000008004100       0x26 obj/MW_I2C.o
 *fill*         0x0000000008004126        0x2 
 .rodata.i2cid  0x0000000008004128        0x8 obj/MW_I2C.o
 .rodata.MW_USARTSetBaudRate.str1.4
                0x0000000008004130       0x29 obj/MW_USART.o
 *fill*         0x0000000008004159        0x3 
 .rodata.uartid
                0x000000000800415c        0xc obj/MW_USART.o
 .rodata._msg.str1.4
                0x0000000008004168       0x10 obj/message.o
                                         0x12 (size before relaxing)
 .rodata.DD_I2CSend.str1.4
                0x0000000008004178       0x2c obj/DD_Gene.o
 .rodata.__FUNCTION__.0
                0x00000000080041a4        0xb obj/DD_Gene.o
 *fill*         0x00000000080041af        0x1 
 .rodata.DD_send2MD.str1.4
                0x00000000080041b0       0x17 obj/DD_MD.o
                                         0x1c (size before relaxing)
 *fill*         0x00000000080041c7        0x1 
 .rodata.DD_MDHandPrint.str1.4
                0x00000000080041c8       0x25 obj/DD_MD.o
 *fill*         0x00000000080041ed        0x3 
 .rodata.__FUNCTION__.0
                0x00000000080041f0        0xb obj/DD_MD.o
 *fill*         0x00000000080041fb        0x1 
 .rodata.DD_RCInit.str1.4
                0x00000000080041fc        0x3 obj/DD_RC.o
 *fill*         0x00000000080041ff        0x1 
 .rodata.DD_RCPrint.str1.4
                0x0000000008004200       0x91 obj/DD_RC.o
                                         0x95 (size before relaxing)
 *fill*         0x0000000008004291        0x3 
 .rodata.SY_clockInit.str1.4
                0x0000000008004294       0x3e obj/SystemTaskManager.o
                                         0x42 (size before relaxing)
 *fill*         0x00000000080042d2        0x2 
 .rodata.SY_init.str1.4
                0x00000000080042d4       0x71 obj/SystemTaskManager.o
                                         0x75 (size before relaxing)
 *fill*         0x0000000008004345        0x3 
 .rodata.main.str1.4
                0x0000000008004348       0x79 obj/SystemTaskManager.o
                                         0x81 (size before relaxing)
 *fill*         0x00000000080043c1        0x3 
 .rodata.HAL_UART_RxCpltCallback.str1.4
                0x00000000080043c4        0x7 obj/SystemTaskManager.o
 *fill*         0x00000000080043cb        0x1 
 .rodata.__FUNCTION__.0
                0x00000000080043cc       0x18 obj/SystemTaskManager.o
 .rodata.__FUNCTION__.1
                0x00000000080043e4        0xd obj/SystemTaskManager.o
 *fill*         0x00000000080043f1        0x3 
 .rodata.__FUNCTION__.2
                0x00000000080043f4        0x8 obj/SystemTaskManager.o
 .rodata.__FUNCTION__.3
                0x00000000080043fc        0x5 obj/SystemTaskManager.o
                0x0000000008004404                . = ALIGN (0x4)
 *fill*         0x0000000008004401        0x3 

.rel.dyn        0x0000000008004404        0x0
 .rel.iplt      0x0000000008004404        0x0 /opt/homebrew/Cellar/arm-none-eabi-gcc/10.3-2021.07/gcc/bin/../lib/gcc/arm-none-eabi/10.3.1/thumb/v7-m/nofp/crtbegin.o

.ARM.extab
 *(.ARM.extab* .gnu.linkonce.armextab.*)

.ARM            0x0000000008004404        0x0
                0x0000000008004404                __exidx_start = .
 *(.ARM.exidx*)
                0x0000000008004404                __exidx_end = .

.preinit_array  0x0000000008004404        0x0
                0x0000000008004404                PROVIDE (__preinit_array_start = .)
 *(.preinit_array*)
                0x0000000008004404                PROVIDE (__preinit_array_end = .)

.init_array     0x0000000008004404        0x4
                0x0000000008004404                PROVIDE (__init_array_start = .)
 *(SORT_BY_NAME(.init_array.*))
 *(.init_array*)
 .init_array    0x0000000008004404        0x4 /opt/homebrew/Cellar/arm-none-eabi-gcc/10.3-2021.07/gcc/bin/../lib/gcc/arm-none-eabi/10.3.1/thumb/v7-m/nofp/crtbegin.o
                0x0000000008004408                PROVIDE (__init_array_end = .)

.fini_array     0x0000000008004408        0x4
                [!provide]                        PROVIDE (__fini_array_start = .)
 *(SORT_BY_NAME(.fini_array.*))
 *(.fini_array*)
 .fini_array    0x0000000008004408        0x4 /opt/homebrew/Cellar/arm-none-eabi-gcc/10.3-2021.07/gcc/bin/../lib/gcc/arm-none-eabi/10.3.1/thumb/v7-m/nofp/crtbegin.o
                [!provide]                        PROVIDE (__fini_array_end = .)
                0x000000000800440c                _sidata = LOADADDR (.data)

.data           0x0000000020000000      0x1d0 load address 0x000000000800440c
                0x0000000020000000                . = ALIGN (0x4)
                0x0000000020000000                _sdata = .
 *(.data)
 *(.data*)
 .data.editlist
                0x0000000020000000       0x24 obj/constManager.o
                0x0000000020000000                editlist
 .data.g_md_h   0x0000000020000024       0x18 obj/deviceDefinition.o
                0x0000000020000024                g_md_h
 .data.SystemCoreClock
                0x000000002000003c        0x4 obj/system_stm32f1xx.o
                0x000000002000003c                SystemCoreClock
 .data.hi2c1    0x0000000020000040       0x3c obj/MW_I2C.o
 .data.hi2c2    0x000000002000007c       0x3c obj/MW_I2C.o
 .data.hiwdg    0x00000000200000b8       0x10 obj/MW_IWDG.o
 .data.htim1    0x00000000200000c8       0x3c obj/MW_TIM.o
 .data.huart1   0x0000000020000104       0x40 obj/MW_USART.o
                0x0000000020000104                huart1
 .data.huart2   0x0000000020000144       0x40 obj/MW_USART.o
                0x0000000020000144                huart2
 .data.huart3   0x0000000020000184       0x40 obj/MW_USART.o
                0x0000000020000184                huart3
 .data.had_completed
                0x00000000200001c4        0x1 obj/message.o
 *fill*         0x00000000200001c5        0x3 
 .data.is_not_avaiable
                0x00000000200001c8        0x4 obj/DD_RC.o
 .data.g_led_mode
                0x00000000200001cc        0x1 obj/SystemTaskManager.o
                0x00000000200001cc                g_led_mode
                0x00000000200001d0                . = ALIGN (0x4)
 *fill*         0x00000000200001cd        0x3 
                0x00000000200001d0                _edata = .

.igot.plt       0x00000000200001d0        0x0 load address 0x00000000080045dc
 .igot.plt      0x00000000200001d0        0x0 /opt/homebrew/Cellar/arm-none-eabi-gcc/10.3-2021.07/gcc/bin/../lib/gcc/arm-none-eabi/10.3.1/thumb/v7-m/nofp/crtbegin.o
                0x00000000200001d0                . = ALIGN (0x4)

.bss            0x00000000200001d0      0x6a8 load address 0x00000000080045dc
                0x00000000200001d0                _sbss = .
                0x00000000200001d0                __bss_start__ = _sbss
 *(.bss)
 .bss           0x00000000200001d0       0x1c /opt/homebrew/Cellar/arm-none-eabi-gcc/10.3-2021.07/gcc/bin/../lib/gcc/arm-none-eabi/10.3.1/thumb/v7-m/nofp/crtbegin.o
 *(.bss*)
 .bss.checkpush
                0x00000000200001ec        0x4 obj/app.o
                0x00000000200001ec                checkpush
 .bss.mode      0x00000000200001f0        0x4 obj/app.o
                0x00000000200001f0                mode
 .bss.g_adjust  0x00000000200001f4      0x18c obj/constManager.o
                0x00000000200001f4                g_adjust
 .bss.g_c_data  0x0000000020000380       0x48 obj/constManager.o
                0x0000000020000380                g_c_data
 .bss.hdma_rx.0
                0x00000000200003c8       0x38 obj/msp.o
 .bss.hdma_tx.1
                0x0000000020000400       0x38 obj/msp.o
 .bss.uwTick    0x0000000020000438        0x4 obj/stm32f1xx_hal.o
 .bss.GPIO_InitStruct
                0x000000002000043c       0x10 obj/MW_GPIO.o
 .bss.buff      0x000000002000044c      0x400 obj/message.o
 .bss.outptr    0x000000002000084c        0x4 obj/xprintf.o
                0x000000002000084c                outptr
 .bss.xfunc_out
                0x0000000020000850        0x4 obj/xprintf.o
                0x0000000020000850                xfunc_out
 .bss.ip        0x0000000020000854        0x4 obj/DD_RC.o
 .bss.rcv_data  0x0000000020000858        0x8 obj/DD_RC.o
 .bss.count_for_rc
                0x0000000020000860        0x4 obj/SystemTaskManager.o
 .bss.g_SY_system_counter
                0x0000000020000864        0x4 obj/SystemTaskManager.o
                0x0000000020000864                g_SY_system_counter
 .bss.g_rc_data
                0x0000000020000868        0x8 obj/SystemTaskManager.o
                0x0000000020000868                g_rc_data
 .bss.rc_rcv    0x0000000020000870        0x8 obj/SystemTaskManager.o
 *(COMMON)
                0x0000000020000878                . = ALIGN (0x4)
                0x0000000020000878                _ebss = .
                0x0000000020000878                __bss_end__ = _ebss

._user_heap_stack
                0x0000000020000878      0x600 load address 0x00000000080045dc
                0x0000000020000878                . = ALIGN (0x8)
                [!provide]                        PROVIDE (end = .)
                [!provide]                        PROVIDE (_end = .)
                0x0000000020000a78                . = (. + _Min_Heap_Size)
 *fill*         0x0000000020000878      0x200 
                0x0000000020000e78                . = (. + _Min_Stack_Size)
 *fill*         0x0000000020000a78      0x400 
                0x0000000020000e78                . = ALIGN (0x8)

/DISCARD/
 libc.a(*)
 libm.a(*)
 libgcc.a(*)

.ARM.attributes
                0x0000000000000000       0x29
 *(.ARM.attributes)
 .ARM.attributes
                0x0000000000000000       0x1d /opt/homebrew/Cellar/arm-none-eabi-gcc/10.3-2021.07/gcc/bin/../lib/gcc/arm-none-eabi/10.3.1/thumb/v7-m/nofp/crti.o
 .ARM.attributes
                0x000000000000001d       0x2d /opt/homebrew/Cellar/arm-none-eabi-gcc/10.3-2021.07/gcc/bin/../lib/gcc/arm-none-eabi/10.3.1/thumb/v7-m/nofp/crtbegin.o
 .ARM.attributes
                0x000000000000004a       0x2d obj/app.o
 .ARM.attributes
                0x0000000000000077       0x2d obj/assert.o
 .ARM.attributes
                0x00000000000000a4       0x2d obj/constManager.o
 .ARM.attributes
                0x00000000000000d1       0x33 obj/deviceDefinition.o
 .ARM.attributes
                0x0000000000000104       0x2d obj/msp.o
 .ARM.attributes
                0x0000000000000131       0x2d obj/stm32f1xx_it.o
 .ARM.attributes
                0x000000000000015e       0x2d obj/system_stm32f1xx.o
 .ARM.attributes
                0x000000000000018b       0x2d obj/trapezoid_ctrl.o
 .ARM.attributes
                0x00000000000001b8       0x2d obj/stm32f1xx_hal.o
 .ARM.attributes
                0x00000000000001e5       0x2d obj/stm32f1xx_hal_cortex.o
 .ARM.attributes
                0x0000000000000212       0x2d obj/stm32f1xx_hal_dma.o
 .ARM.attributes
                0x000000000000023f       0x2d obj/stm32f1xx_hal_gpio.o
 .ARM.attributes
                0x000000000000026c       0x2d obj/stm32f1xx_hal_i2c.o
 .ARM.attributes
                0x0000000000000299       0x2d obj/stm32f1xx_hal_iwdg.o
 .ARM.attributes
                0x00000000000002c6       0x2d obj/stm32f1xx_hal_rcc.o
 .ARM.attributes
                0x00000000000002f3       0x2d obj/stm32f1xx_hal_rcc_ex.o
 .ARM.attributes
                0x0000000000000320       0x2d obj/stm32f1xx_hal_tim.o
 .ARM.attributes
                0x000000000000034d       0x2d obj/stm32f1xx_hal_tim_ex.o
 .ARM.attributes
                0x000000000000037a       0x2d obj/stm32f1xx_hal_uart.o
 .ARM.attributes
                0x00000000000003a7       0x2d obj/MW_GPIO.o
 .ARM.attributes
                0x00000000000003d4       0x2d obj/MW_I2C.o
 .ARM.attributes
                0x0000000000000401       0x2d obj/MW_IWDG.o
 .ARM.attributes
                0x000000000000042e       0x2d obj/MW_TIM.o
 .ARM.attributes
                0x000000000000045b       0x2d obj/MW_USART.o
 .ARM.attributes
                0x0000000000000488       0x2d obj/message.o
 .ARM.attributes
                0x00000000000004b5       0x2d obj/xprintf.o
 .ARM.attributes
                0x00000000000004e2       0x2d obj/DD_Gene.o
 .ARM.attributes
                0x000000000000050f       0x2d obj/DD_MD.o
 .ARM.attributes
                0x000000000000053c       0x2d obj/DD_RC.o
 .ARM.attributes
                0x0000000000000569       0x2d obj/SystemTaskManager.o
 .ARM.attributes
                0x0000000000000596       0x21 obj/startup.o
 .ARM.attributes
                0x00000000000005b7       0x2d /opt/homebrew/Cellar/arm-none-eabi-gcc/10.3-2021.07/gcc/bin/../lib/gcc/arm-none-eabi/10.3.1/../../../../arm-none-eabi/lib/thumb/v7-m/nofp/libc_nano.a(lib_a-init.o)
 .ARM.attributes
                0x00000000000005e4       0x2d /opt/homebrew/Cellar/arm-none-eabi-gcc/10.3-2021.07/gcc/bin/../lib/gcc/arm-none-eabi/10.3.1/../../../../arm-none-eabi/lib/thumb/v7-m/nofp/libc_nano.a(lib_a-memset.o)
 .ARM.attributes
                0x0000000000000611       0x1d /opt/homebrew/Cellar/arm-none-eabi-gcc/10.3-2021.07/gcc/bin/../lib/gcc/arm-none-eabi/10.3.1/thumb/v7-m/nofp/crtn.o
OUTPUT(bin/Test.elf elf32-littlearm)
LOAD linker stubs
LOAD /opt/homebrew/Cellar/arm-none-eabi-gcc/10.3-2021.07/gcc/bin/../lib/gcc/arm-none-eabi/10.3.1/../../../../arm-none-eabi/lib/thumb/v7-m/nofp/libc.a
LOAD /opt/homebrew/Cellar/arm-none-eabi-gcc/10.3-2021.07/gcc/bin/../lib/gcc/arm-none-eabi/10.3.1/../../../../arm-none-eabi/lib/thumb/v7-m/nofp/libm.a
LOAD /opt/homebrew/Cellar/arm-none-eabi-gcc/10.3-2021.07/gcc/bin/../lib/gcc/arm-none-eabi/10.3.1/thumb/v7-m/nofp/libgcc.a

.debug_info     0x0000000000000000    0x183d0
 .debug_info    0x0000000000000000      0x5ea obj/app.o
 .debug_info    0x00000000000005ea       0xe8 obj/assert.o
 .debug_info    0x00000000000006d2     0x11dd obj/constManager.o
 .debug_info    0x00000000000018af      0x139 obj/deviceDefinition.o
 .debug_info    0x00000000000019e8     0x1b5b obj/msp.o
 .debug_info    0x0000000000003543      0x634 obj/stm32f1xx_it.o
 .debug_info    0x0000000000003b77      0x404 obj/system_stm32f1xx.o
 .debug_info    0x0000000000003f7b      0x1cd obj/trapezoid_ctrl.o
 .debug_info    0x0000000000004148      0x6be obj/stm32f1xx_hal.o
 .debug_info    0x0000000000004806      0xe6b obj/stm32f1xx_hal_cortex.o
 .debug_info    0x0000000000005671      0x811 obj/stm32f1xx_hal_dma.o
 .debug_info    0x0000000000005e82      0x8b6 obj/stm32f1xx_hal_gpio.o
 .debug_info    0x0000000000006738     0x3094 obj/stm32f1xx_hal_i2c.o
 .debug_info    0x00000000000097cc      0x3bf obj/stm32f1xx_hal_iwdg.o
 .debug_info    0x0000000000009b8b     0x1760 obj/stm32f1xx_hal_rcc.o
 .debug_info    0x000000000000b2eb      0x685 obj/stm32f1xx_hal_rcc_ex.o
 .debug_info    0x000000000000b970     0x482b obj/stm32f1xx_hal_tim.o
 .debug_info    0x000000000001019b     0x195f obj/stm32f1xx_hal_tim_ex.o
 .debug_info    0x0000000000011afa     0x15a7 obj/stm32f1xx_hal_uart.o
 .debug_info    0x00000000000130a1      0x4e6 obj/MW_GPIO.o
 .debug_info    0x0000000000013587      0x845 obj/MW_I2C.o
 .debug_info    0x0000000000013dcc      0x331 obj/MW_IWDG.o
 .debug_info    0x00000000000140fd      0xb95 obj/MW_TIM.o
 .debug_info    0x0000000000014c92      0x8d9 obj/MW_USART.o
 .debug_info    0x000000000001556b      0x3ba obj/message.o
 .debug_info    0x0000000000015925      0x7d2 obj/xprintf.o
 .debug_info    0x00000000000160f7      0x3d5 obj/DD_Gene.o
 .debug_info    0x00000000000164cc      0x2d3 obj/DD_MD.o
 .debug_info    0x000000000001679f      0x8db obj/DD_RC.o
 .debug_info    0x000000000001707a     0x1356 obj/SystemTaskManager.o

.debug_abbrev   0x0000000000000000     0x3881
 .debug_abbrev  0x0000000000000000      0x1f5 obj/app.o
 .debug_abbrev  0x00000000000001f5       0x73 obj/assert.o
 .debug_abbrev  0x0000000000000268      0x285 obj/constManager.o
 .debug_abbrev  0x00000000000004ed       0xb9 obj/deviceDefinition.o
 .debug_abbrev  0x00000000000005a6      0x227 obj/msp.o
 .debug_abbrev  0x00000000000007cd      0x157 obj/stm32f1xx_it.o
 .debug_abbrev  0x0000000000000924      0x141 obj/system_stm32f1xx.o
 .debug_abbrev  0x0000000000000a65       0xee obj/trapezoid_ctrl.o
 .debug_abbrev  0x0000000000000b53      0x247 obj/stm32f1xx_hal.o
 .debug_abbrev  0x0000000000000d9a      0x301 obj/stm32f1xx_hal_cortex.o
 .debug_abbrev  0x000000000000109b      0x222 obj/stm32f1xx_hal_dma.o
 .debug_abbrev  0x00000000000012bd      0x22e obj/stm32f1xx_hal_gpio.o
 .debug_abbrev  0x00000000000014eb      0x244 obj/stm32f1xx_hal_i2c.o
 .debug_abbrev  0x000000000000172f      0x1a7 obj/stm32f1xx_hal_iwdg.o
 .debug_abbrev  0x00000000000018d6      0x2b6 obj/stm32f1xx_hal_rcc.o
 .debug_abbrev  0x0000000000001b8c      0x274 obj/stm32f1xx_hal_rcc_ex.o
 .debug_abbrev  0x0000000000001e00      0x255 obj/stm32f1xx_hal_tim.o
 .debug_abbrev  0x0000000000002055      0x244 obj/stm32f1xx_hal_tim_ex.o
 .debug_abbrev  0x0000000000002299      0x24f obj/stm32f1xx_hal_uart.o
 .debug_abbrev  0x00000000000024e8      0x1b7 obj/MW_GPIO.o
 .debug_abbrev  0x000000000000269f      0x1b1 obj/MW_I2C.o
 .debug_abbrev  0x0000000000002850      0x15d obj/MW_IWDG.o
 .debug_abbrev  0x00000000000029ad      0x1d2 obj/MW_TIM.o
 .debug_abbrev  0x0000000000002b7f      0x1e4 obj/MW_USART.o
 .debug_abbrev  0x0000000000002d63      0x1b6 obj/message.o
 .debug_abbrev  0x0000000000002f19      0x255 obj/xprintf.o
 .debug_abbrev  0x000000000000316e      0x192 obj/DD_Gene.o
 .debug_abbrev  0x0000000000003300      0x173 obj/DD_MD.o
 .debug_abbrev  0x0000000000003473      0x180 obj/DD_RC.o
 .debug_abbrev  0x00000000000035f3      0x28e obj/SystemTaskManager.o

.debug_loc      0x0000000000000000     0xd694
 .debug_loc     0x0000000000000000       0xae obj/app.o
 .debug_loc     0x00000000000000ae       0x2a obj/assert.o
 .debug_loc     0x00000000000000d8      0x40a obj/constManager.o
 .debug_loc     0x00000000000004e2      0x439 obj/msp.o
 .debug_loc     0x000000000000091b       0xff obj/system_stm32f1xx.o
 .debug_loc     0x0000000000000a1a      0x2e0 obj/trapezoid_ctrl.o
 .debug_loc     0x0000000000000cfa       0xb3 obj/stm32f1xx_hal.o
 .debug_loc     0x0000000000000dad      0x87f obj/stm32f1xx_hal_cortex.o
 .debug_loc     0x000000000000162c      0x573 obj/stm32f1xx_hal_dma.o
 .debug_loc     0x0000000000001b9f      0x61d obj/stm32f1xx_hal_gpio.o
 .debug_loc     0x00000000000021bc     0x346a obj/stm32f1xx_hal_i2c.o
 .debug_loc     0x0000000000005626      0x140 obj/stm32f1xx_hal_iwdg.o
 .debug_loc     0x0000000000005766      0xdf4 obj/stm32f1xx_hal_rcc.o
 .debug_loc     0x000000000000655a      0x481 obj/stm32f1xx_hal_rcc_ex.o
 .debug_loc     0x00000000000069db     0x2d42 obj/stm32f1xx_hal_tim.o
 .debug_loc     0x000000000000971d      0xcb2 obj/stm32f1xx_hal_tim_ex.o
 .debug_loc     0x000000000000a3cf     0x12ed obj/stm32f1xx_hal_uart.o
 .debug_loc     0x000000000000b6bc      0x20a obj/MW_GPIO.o
 .debug_loc     0x000000000000b8c6      0x293 obj/MW_I2C.o
 .debug_loc     0x000000000000bb59      0x47a obj/MW_TIM.o
 .debug_loc     0x000000000000bfd3      0x1f2 obj/MW_USART.o
 .debug_loc     0x000000000000c1c5       0xcd obj/message.o
 .debug_loc     0x000000000000c292      0xb18 obj/xprintf.o
 .debug_loc     0x000000000000cdaa      0x172 obj/DD_Gene.o
 .debug_loc     0x000000000000cf1c       0x73 obj/DD_MD.o
 .debug_loc     0x000000000000cf8f      0x574 obj/DD_RC.o
 .debug_loc     0x000000000000d503      0x191 obj/SystemTaskManager.o

.debug_aranges  0x0000000000000000     0x10f0
 .debug_aranges
                0x0000000000000000       0x40 obj/app.o
 .debug_aranges
                0x0000000000000040       0x20 obj/assert.o
 .debug_aranges
                0x0000000000000060       0x88 obj/constManager.o
 .debug_aranges
                0x00000000000000e8       0x18 obj/deviceDefinition.o
 .debug_aranges
                0x0000000000000100       0x88 obj/msp.o
 .debug_aranges
                0x0000000000000188       0x80 obj/stm32f1xx_it.o
 .debug_aranges
                0x0000000000000208       0x28 obj/system_stm32f1xx.o
 .debug_aranges
                0x0000000000000230       0x20 obj/trapezoid_ctrl.o
 .debug_aranges
                0x0000000000000250       0xb0 obj/stm32f1xx_hal.o
 .debug_aranges
                0x0000000000000300       0x90 obj/stm32f1xx_hal_cortex.o
 .debug_aranges
                0x0000000000000390       0x68 obj/stm32f1xx_hal_dma.o
 .debug_aranges
                0x00000000000003f8       0x58 obj/stm32f1xx_hal_gpio.o
 .debug_aranges
                0x0000000000000450      0x218 obj/stm32f1xx_hal_i2c.o
 .debug_aranges
                0x0000000000000668       0x40 obj/stm32f1xx_hal_iwdg.o
 .debug_aranges
                0x00000000000006a8       0x88 obj/stm32f1xx_hal_rcc.o
 .debug_aranges
                0x0000000000000730       0x30 obj/stm32f1xx_hal_rcc_ex.o
 .debug_aranges
                0x0000000000000760      0x368 obj/stm32f1xx_hal_tim.o
 .debug_aranges
                0x0000000000000ac8      0x138 obj/stm32f1xx_hal_tim_ex.o
 .debug_aranges
                0x0000000000000c00      0x150 obj/stm32f1xx_hal_uart.o
 .debug_aranges
                0x0000000000000d50       0x58 obj/MW_GPIO.o
 .debug_aranges
                0x0000000000000da8       0x48 obj/MW_I2C.o
 .debug_aranges
                0x0000000000000df0       0x40 obj/MW_IWDG.o
 .debug_aranges
                0x0000000000000e30       0x80 obj/MW_TIM.o
 .debug_aranges
                0x0000000000000eb0       0x60 obj/MW_USART.o
 .debug_aranges
                0x0000000000000f10       0x48 obj/message.o
 .debug_aranges
                0x0000000000000f58       0x70 obj/xprintf.o
 .debug_aranges
                0x0000000000000fc8       0x40 obj/DD_Gene.o
 .debug_aranges
                0x0000000000001008       0x28 obj/DD_MD.o
 .debug_aranges
                0x0000000000001030       0x58 obj/DD_RC.o
 .debug_aranges
                0x0000000000001088       0x68 obj/SystemTaskManager.o

.debug_ranges   0x0000000000000000      0xfc8
 .debug_ranges  0x0000000000000000       0x30 obj/app.o
 .debug_ranges  0x0000000000000030       0x10 obj/assert.o
 .debug_ranges  0x0000000000000040       0xa8 obj/constManager.o
 .debug_ranges  0x00000000000000e8       0x78 obj/msp.o
 .debug_ranges  0x0000000000000160       0x70 obj/stm32f1xx_it.o
 .debug_ranges  0x00000000000001d0       0x18 obj/system_stm32f1xx.o
 .debug_ranges  0x00000000000001e8       0x10 obj/trapezoid_ctrl.o
 .debug_ranges  0x00000000000001f8       0xa0 obj/stm32f1xx_hal.o
 .debug_ranges  0x0000000000000298       0xe0 obj/stm32f1xx_hal_cortex.o
 .debug_ranges  0x0000000000000378       0x58 obj/stm32f1xx_hal_dma.o
 .debug_ranges  0x00000000000003d0       0x48 obj/stm32f1xx_hal_gpio.o
 .debug_ranges  0x0000000000000418      0x208 obj/stm32f1xx_hal_i2c.o
 .debug_ranges  0x0000000000000620       0x30 obj/stm32f1xx_hal_iwdg.o
 .debug_ranges  0x0000000000000650       0x78 obj/stm32f1xx_hal_rcc.o
 .debug_ranges  0x00000000000006c8       0x20 obj/stm32f1xx_hal_rcc_ex.o
 .debug_ranges  0x00000000000006e8      0x358 obj/stm32f1xx_hal_tim.o
 .debug_ranges  0x0000000000000a40      0x128 obj/stm32f1xx_hal_tim_ex.o
 .debug_ranges  0x0000000000000b68      0x140 obj/stm32f1xx_hal_uart.o
 .debug_ranges  0x0000000000000ca8       0x48 obj/MW_GPIO.o
 .debug_ranges  0x0000000000000cf0       0x38 obj/MW_I2C.o
 .debug_ranges  0x0000000000000d28       0x30 obj/MW_IWDG.o
 .debug_ranges  0x0000000000000d58       0x70 obj/MW_TIM.o
 .debug_ranges  0x0000000000000dc8       0x50 obj/MW_USART.o
 .debug_ranges  0x0000000000000e18       0x38 obj/message.o
 .debug_ranges  0x0000000000000e50       0x60 obj/xprintf.o
 .debug_ranges  0x0000000000000eb0       0x30 obj/DD_Gene.o
 .debug_ranges  0x0000000000000ee0       0x18 obj/DD_MD.o
 .debug_ranges  0x0000000000000ef8       0x78 obj/DD_RC.o
 .debug_ranges  0x0000000000000f70       0x58 obj/SystemTaskManager.o

.debug_macro    0x0000000000000000    0x15a3d
 .debug_macro   0x0000000000000000      0x40f obj/app.o
 .debug_macro   0x000000000000040f      0xac6 obj/app.o
 .debug_macro   0x0000000000000ed5       0x22 obj/app.o
 .debug_macro   0x0000000000000ef7       0x22 obj/app.o
 .debug_macro   0x0000000000000f19       0x8e obj/app.o
 .debug_macro   0x0000000000000fa7       0x51 obj/app.o
 .debug_macro   0x0000000000000ff8      0x103 obj/app.o
 .debug_macro   0x00000000000010fb       0x6a obj/app.o
 .debug_macro   0x0000000000001165      0x1df obj/app.o
 .debug_macro   0x0000000000001344       0x16 obj/app.o
 .debug_macro   0x000000000000135a       0x10 obj/app.o
 .debug_macro   0x000000000000136a       0x40 obj/app.o
 .debug_macro   0x00000000000013aa       0x58 obj/app.o
 .debug_macro   0x0000000000001402      0x1b1 obj/app.o
 .debug_macro   0x00000000000015b3       0x2e obj/app.o
 .debug_macro   0x00000000000015e1       0x22 obj/app.o
 .debug_macro   0x0000000000001603       0x3a obj/app.o
 .debug_macro   0x000000000000163d       0x34 obj/app.o
 .debug_macro   0x0000000000001671      0xb8e obj/app.o
 .debug_macro   0x00000000000021ff     0x69eb obj/app.o
 .debug_macro   0x0000000000008bea       0x43 obj/app.o
 .debug_macro   0x0000000000008c2d     0x3383 obj/app.o
 .debug_macro   0x000000000000bfb0       0x64 obj/app.o
 .debug_macro   0x000000000000c014       0x18 obj/app.o
 .debug_macro   0x000000000000c02c       0x35 obj/app.o
 .debug_macro   0x000000000000c061       0x34 obj/app.o
 .debug_macro   0x000000000000c095       0x16 obj/app.o
 .debug_macro   0x000000000000c0ab       0x97 obj/app.o
 .debug_macro   0x000000000000c142      0x35d obj/app.o
 .debug_macro   0x000000000000c49f       0xf6 obj/app.o
 .debug_macro   0x000000000000c595       0x10 obj/app.o
 .debug_macro   0x000000000000c5a5       0x16 obj/app.o
 .debug_macro   0x000000000000c5bb       0x43 obj/app.o
 .debug_macro   0x000000000000c5fe       0x34 obj/app.o
 .debug_macro   0x000000000000c632       0x10 obj/app.o
 .debug_macro   0x000000000000c642       0x58 obj/app.o
 .debug_macro   0x000000000000c69a      0x182 obj/app.o
 .debug_macro   0x000000000000c81c       0x10 obj/app.o
 .debug_macro   0x000000000000c82c       0x1c obj/app.o
 .debug_macro   0x000000000000c848       0x52 obj/app.o
 .debug_macro   0x000000000000c89a       0x22 obj/app.o
 .debug_macro   0x000000000000c8bc       0x10 obj/app.o
 .debug_macro   0x000000000000c8cc       0x52 obj/app.o
 .debug_macro   0x000000000000c91e       0xd5 obj/app.o
 .debug_macro   0x000000000000c9f3       0x1c obj/app.o
 .debug_macro   0x000000000000ca0f       0x3d obj/app.o
 .debug_macro   0x000000000000ca4c       0x16 obj/app.o
 .debug_macro   0x000000000000ca62      0x16f obj/app.o
 .debug_macro   0x000000000000cbd1       0x57 obj/app.o
 .debug_macro   0x000000000000cc28      0x778 obj/app.o
 .debug_macro   0x000000000000d3a0      0x28b obj/app.o
 .debug_macro   0x000000000000d62b      0x141 obj/app.o
 .debug_macro   0x000000000000d76c      0x197 obj/app.o
 .debug_macro   0x000000000000d903      0x1ae obj/app.o
 .debug_macro   0x000000000000dab1       0x2d obj/app.o
 .debug_macro   0x000000000000dade       0x3c obj/app.o
 .debug_macro   0x000000000000db1a       0x57 obj/app.o
 .debug_macro   0x000000000000db71      0x46a obj/app.o
 .debug_macro   0x000000000000dfdb      0x1b5 obj/app.o
 .debug_macro   0x000000000000e190       0x8c obj/app.o
 .debug_macro   0x000000000000e21c      0x242 obj/app.o
 .debug_macro   0x000000000000e45e      0x225 obj/app.o
 .debug_macro   0x000000000000e683       0x99 obj/app.o
 .debug_macro   0x000000000000e71c      0x143 obj/app.o
 .debug_macro   0x000000000000e85f      0x1f4 obj/app.o
 .debug_macro   0x000000000000ea53      0x83e obj/app.o
 .debug_macro   0x000000000000f291       0x11 obj/app.o
 .debug_macro   0x000000000000f2a2      0x256 obj/app.o
 .debug_macro   0x000000000000f4f8       0x7c obj/app.o
 .debug_macro   0x000000000000f574       0x16 obj/app.o
 .debug_macro   0x000000000000f58a       0x35 obj/app.o
 .debug_macro   0x000000000000f5bf       0x16 obj/app.o
 .debug_macro   0x000000000000f5d5       0x29 obj/app.o
 .debug_macro   0x000000000000f5fe       0x16 obj/app.o
 .debug_macro   0x000000000000f614      0x100 obj/app.o
 .debug_macro   0x000000000000f714       0x2e obj/app.o
 .debug_macro   0x000000000000f742       0x28 obj/app.o
 .debug_macro   0x000000000000f76a       0x34 obj/app.o
 .debug_macro   0x000000000000f79e      0x31f obj/assert.o
 .debug_macro   0x000000000000fabd       0x34 obj/assert.o
 .debug_macro   0x000000000000faf1      0x3ac obj/constManager.o
 .debug_macro   0x000000000000fe9d       0x5e obj/constManager.o
 .debug_macro   0x000000000000fefb       0x94 obj/constManager.o
 .debug_macro   0x000000000000ff8f       0x57 obj/constManager.o
 .debug_macro   0x000000000000ffe6      0x119 obj/constManager.o
 .debug_macro   0x00000000000100ff       0x22 obj/constManager.o
 .debug_macro   0x0000000000010121       0x10 obj/constManager.o
 .debug_macro   0x0000000000010131       0x1c obj/constManager.o
 .debug_macro   0x000000000001014d       0x28 obj/constManager.o
 .debug_macro   0x0000000000010175      0x3d1 obj/deviceDefinition.o
 .debug_macro   0x0000000000010546      0x31f obj/msp.o
 .debug_macro   0x0000000000010865      0x34a obj/stm32f1xx_it.o
 .debug_macro   0x0000000000010baf       0x10 obj/stm32f1xx_it.o
 .debug_macro   0x0000000000010bbf       0xd1 obj/system_stm32f1xx.o
 .debug_macro   0x0000000000010c90      0x150 obj/trapezoid_ctrl.o
 .debug_macro   0x0000000000010de0      0x10e obj/trapezoid_ctrl.o
 .debug_macro   0x0000000000010eee       0x86 obj/trapezoid_ctrl.o
 .debug_macro   0x0000000000010f74      0x343 obj/stm32f1xx_hal.o
 .debug_macro   0x00000000000112b7      0x31f obj/stm32f1xx_hal_cortex.o
 .debug_macro   0x00000000000115d6      0x325 obj/stm32f1xx_hal_dma.o
 .debug_macro   0x00000000000118fb      0x38f obj/stm32f1xx_hal_gpio.o
 .debug_macro   0x0000000000011c8a      0x335 obj/stm32f1xx_hal_i2c.o
 .debug_macro   0x0000000000011fbf      0x325 obj/stm32f1xx_hal_iwdg.o
 .debug_macro   0x00000000000122e4      0x343 obj/stm32f1xx_hal_rcc.o
 .debug_macro   0x0000000000012627      0x31f obj/stm32f1xx_hal_rcc_ex.o
 .debug_macro   0x0000000000012946      0x320 obj/stm32f1xx_hal_tim.o
 .debug_macro   0x0000000000012c66      0x31f obj/stm32f1xx_hal_tim_ex.o
 .debug_macro   0x0000000000012f85      0x320 obj/stm32f1xx_hal_uart.o
 .debug_macro   0x00000000000132a5      0x32e obj/MW_GPIO.o
 .debug_macro   0x00000000000135d3       0x22 obj/MW_GPIO.o
 .debug_macro   0x00000000000135f5      0x363 obj/MW_I2C.o
 .debug_macro   0x0000000000013958      0x35d obj/MW_IWDG.o
 .debug_macro   0x0000000000013cb5      0x362 obj/MW_TIM.o
 .debug_macro   0x0000000000014017       0x16 obj/MW_TIM.o
 .debug_macro   0x000000000001402d      0x363 obj/MW_USART.o
 .debug_macro   0x0000000000014390      0x39b obj/message.o
 .debug_macro   0x000000000001472b       0x22 obj/message.o
 .debug_macro   0x000000000001474d       0x58 obj/message.o
 .debug_macro   0x00000000000147a5       0x22 obj/message.o
 .debug_macro   0x00000000000147c7      0x337 obj/xprintf.o
 .debug_macro   0x0000000000014afe      0x3ca obj/DD_Gene.o
 .debug_macro   0x0000000000014ec8       0x10 obj/DD_Gene.o
 .debug_macro   0x0000000000014ed8      0x3c1 obj/DD_MD.o
 .debug_macro   0x0000000000015299      0x390 obj/DD_RC.o
 .debug_macro   0x0000000000015629       0x1c obj/DD_RC.o
 .debug_macro   0x0000000000015645      0x3e8 obj/SystemTaskManager.o
 .debug_macro   0x0000000000015a2d       0x10 obj/SystemTaskManager.o

.debug_line     0x0000000000000000    0x1d2a9
 .debug_line    0x0000000000000000      0xcd6 obj/app.o
 .debug_line    0x0000000000000cd6      0x722 obj/assert.o
 .debug_line    0x00000000000013f8      0xf2e obj/constManager.o
 .debug_line    0x0000000000002326      0x9fc obj/deviceDefinition.o
 .debug_line    0x0000000000002d22      0xd6d obj/msp.o
 .debug_line    0x0000000000003a8f      0x964 obj/stm32f1xx_it.o
 .debug_line    0x00000000000043f3      0x3f7 obj/system_stm32f1xx.o
 .debug_line    0x00000000000047ea      0x486 obj/trapezoid_ctrl.o
 .debug_line    0x0000000000004c70      0x95a obj/stm32f1xx_hal.o
 .debug_line    0x00000000000055ca      0xbc3 obj/stm32f1xx_hal_cortex.o
 .debug_line    0x000000000000618d      0xf01 obj/stm32f1xx_hal_dma.o
 .debug_line    0x000000000000708e      0xc7f obj/stm32f1xx_hal_gpio.o
 .debug_line    0x0000000000007d0d     0x38b1 obj/stm32f1xx_hal_i2c.o
 .debug_line    0x000000000000b5be      0x8e7 obj/stm32f1xx_hal_iwdg.o
 .debug_line    0x000000000000bea5     0x17a3 obj/stm32f1xx_hal_rcc.o
 .debug_line    0x000000000000d648      0xaf2 obj/stm32f1xx_hal_rcc_ex.o
 .debug_line    0x000000000000e13a     0x46f0 obj/stm32f1xx_hal_tim.o
 .debug_line    0x000000000001282a     0x1935 obj/stm32f1xx_hal_tim_ex.o
 .debug_line    0x000000000001415f     0x1ac8 obj/stm32f1xx_hal_uart.o
 .debug_line    0x0000000000015c27      0x860 obj/MW_GPIO.o
 .debug_line    0x0000000000016487      0x872 obj/MW_I2C.o
 .debug_line    0x0000000000016cf9      0x813 obj/MW_IWDG.o
 .debug_line    0x000000000001750c      0x9f7 obj/MW_TIM.o
 .debug_line    0x0000000000017f03      0x8f6 obj/MW_USART.o
 .debug_line    0x00000000000187f9      0x9e3 obj/message.o
 .debug_line    0x00000000000191dc      0xf57 obj/xprintf.o
 .debug_line    0x000000000001a133      0xb2a obj/DD_Gene.o
 .debug_line    0x000000000001ac5d      0xa33 obj/DD_MD.o
 .debug_line    0x000000000001b690      0xd31 obj/DD_RC.o
 .debug_line    0x000000000001c3c1      0xee8 obj/SystemTaskManager.o

.debug_str      0x0000000000000000    0x6bba0
 .debug_str     0x0000000000000000    0x6698c obj/app.o
                                      0x66cde (size before relaxing)
 .debug_str     0x000000000006698c       0x2f obj/assert.o
                                      0x65d82 (size before relaxing)
 .debug_str     0x00000000000669bb      0xa09 obj/constManager.o
                                      0x67174 (size before relaxing)
 .debug_str     0x00000000000673c4       0x1b obj/deviceDefinition.o
                                      0x6631f (size before relaxing)
 .debug_str     0x00000000000673df      0xd10 obj/msp.o
                                      0x66c15 (size before relaxing)
 .debug_str     0x00000000000680ef      0x1df obj/stm32f1xx_it.o
                                      0x663bc (size before relaxing)
 .debug_str     0x00000000000682ce       0xe2 obj/system_stm32f1xx.o
                                      0x2e24f (size before relaxing)
 .debug_str     0x00000000000683b0       0x3c obj/trapezoid_ctrl.o
                                       0x6b68 (size before relaxing)
 .debug_str     0x00000000000683ec      0x2f5 obj/stm32f1xx_hal.o
                                      0x66472 (size before relaxing)
 .debug_str     0x00000000000686e1      0x230 obj/stm32f1xx_hal_cortex.o
                                      0x66490 (size before relaxing)
 .debug_str     0x0000000000068911      0x151 obj/stm32f1xx_hal_dma.o
                                      0x660fe (size before relaxing)
 .debug_str     0x0000000000068a62      0x3d1 obj/stm32f1xx_hal_gpio.o
                                      0x66275 (size before relaxing)
 .debug_str     0x0000000000068e33      0x6ec obj/stm32f1xx_hal_i2c.o
                                      0x668b5 (size before relaxing)
 .debug_str     0x000000000006951f      0x162 obj/stm32f1xx_hal_iwdg.o
                                      0x65f6f (size before relaxing)
 .debug_str     0x0000000000069681      0x39e obj/stm32f1xx_hal_rcc.o
                                      0x662ce (size before relaxing)
 .debug_str     0x0000000000069a1f      0x128 obj/stm32f1xx_hal_rcc_ex.o
                                      0x65fa1 (size before relaxing)
 .debug_str     0x0000000000069b47      0xcb2 obj/stm32f1xx_hal_tim.o
                                      0x66ef6 (size before relaxing)
 .debug_str     0x000000000006a7f9      0x4a9 obj/stm32f1xx_hal_tim_ex.o
                                      0x66790 (size before relaxing)
 .debug_str     0x000000000006aca2      0x34b obj/stm32f1xx_hal_uart.o
                                      0x66551 (size before relaxing)
 .debug_str     0x000000000006afed       0xc7 obj/MW_GPIO.o
                                      0x66035 (size before relaxing)
 .debug_str     0x000000000006b0b4      0x106 obj/MW_I2C.o
                                      0x66377 (size before relaxing)
 .debug_str     0x000000000006b1ba       0x72 obj/MW_IWDG.o
                                      0x66036 (size before relaxing)
 .debug_str     0x000000000006b22c      0x29a obj/MW_TIM.o
                                      0x665bf (size before relaxing)
 .debug_str     0x000000000006b4c6      0x103 obj/MW_USART.o
                                      0x663c1 (size before relaxing)
 .debug_str     0x000000000006b5c9      0x274 obj/message.o
                                      0x66393 (size before relaxing)
 .debug_str     0x000000000006b83d       0x8a obj/xprintf.o
                                      0x6605b (size before relaxing)
 .debug_str     0x000000000006b8c7       0x7a obj/DD_Gene.o
                                      0x66354 (size before relaxing)
 .debug_str     0x000000000006b941       0x2d obj/DD_MD.o
                                      0x66290 (size before relaxing)
 .debug_str     0x000000000006b96e      0x14e obj/DD_RC.o
                                      0x667c4 (size before relaxing)
 .debug_str     0x000000000006babc       0xe4 obj/SystemTaskManager.o
                                      0x6704e (size before relaxing)

.comment        0x0000000000000000       0x49
 .comment       0x0000000000000000       0x49 obj/app.o
                                         0x4a (size before relaxing)
 .comment       0x0000000000000049       0x4a obj/assert.o
 .comment       0x0000000000000049       0x4a obj/constManager.o
 .comment       0x0000000000000049       0x4a obj/deviceDefinition.o
 .comment       0x0000000000000049       0x4a obj/msp.o
 .comment       0x0000000000000049       0x4a obj/stm32f1xx_it.o
 .comment       0x0000000000000049       0x4a obj/system_stm32f1xx.o
 .comment       0x0000000000000049       0x4a obj/trapezoid_ctrl.o
 .comment       0x0000000000000049       0x4a obj/stm32f1xx_hal.o
 .comment       0x0000000000000049       0x4a obj/stm32f1xx_hal_cortex.o
 .comment       0x0000000000000049       0x4a obj/stm32f1xx_hal_dma.o
 .comment       0x0000000000000049       0x4a obj/stm32f1xx_hal_gpio.o
 .comment       0x0000000000000049       0x4a obj/stm32f1xx_hal_i2c.o
 .comment       0x0000000000000049       0x4a obj/stm32f1xx_hal_iwdg.o
 .comment       0x0000000000000049       0x4a obj/stm32f1xx_hal_rcc.o
 .comment       0x0000000000000049       0x4a obj/stm32f1xx_hal_rcc_ex.o
 .comment       0x0000000000000049       0x4a obj/stm32f1xx_hal_tim.o
 .comment       0x0000000000000049       0x4a obj/stm32f1xx_hal_tim_ex.o
 .comment       0x0000000000000049       0x4a obj/stm32f1xx_hal_uart.o
 .comment       0x0000000000000049       0x4a obj/MW_GPIO.o
 .comment       0x0000000000000049       0x4a obj/MW_I2C.o
 .comment       0x0000000000000049       0x4a obj/MW_IWDG.o
 .comment       0x0000000000000049       0x4a obj/MW_TIM.o
 .comment       0x0000000000000049       0x4a obj/MW_USART.o
 .comment       0x0000000000000049       0x4a obj/message.o
 .comment       0x0000000000000049       0x4a obj/xprintf.o
 .comment       0x0000000000000049       0x4a obj/DD_Gene.o
 .comment       0x0000000000000049       0x4a obj/DD_MD.o
 .comment       0x0000000000000049       0x4a obj/DD_RC.o
 .comment       0x0000000000000049       0x4a obj/SystemTaskManager.o

.debug_frame    0x0000000000000000     0x2fa8
 .debug_frame   0x0000000000000000       0xa4 obj/app.o
 .debug_frame   0x00000000000000a4       0x20 obj/assert.o
 .debug_frame   0x00000000000000c4      0x198 obj/constManager.o
 .debug_frame   0x000000000000025c      0x190 obj/msp.o
 .debug_frame   0x00000000000003ec      0x108 obj/stm32f1xx_it.o
 .debug_frame   0x00000000000004f4       0x30 obj/system_stm32f1xx.o
 .debug_frame   0x0000000000000524       0x20 obj/trapezoid_ctrl.o
 .debug_frame   0x0000000000000544      0x168 obj/stm32f1xx_hal.o
 .debug_frame   0x00000000000006ac      0x144 obj/stm32f1xx_hal_cortex.o
 .debug_frame   0x00000000000007f0      0x118 obj/stm32f1xx_hal_dma.o
 .debug_frame   0x0000000000000908       0xfc obj/stm32f1xx_hal_gpio.o
 .debug_frame   0x0000000000000a04      0x770 obj/stm32f1xx_hal_i2c.o
 .debug_frame   0x0000000000001174       0x80 obj/stm32f1xx_hal_iwdg.o
 .debug_frame   0x00000000000011f4      0x168 obj/stm32f1xx_hal_rcc.o
 .debug_frame   0x000000000000135c       0x68 obj/stm32f1xx_hal_rcc_ex.o
 .debug_frame   0x00000000000013c4      0xa84 obj/stm32f1xx_hal_tim.o
 .debug_frame   0x0000000000001e48      0x3b4 obj/stm32f1xx_hal_tim_ex.o
 .debug_frame   0x00000000000021fc      0x39c obj/stm32f1xx_hal_uart.o
 .debug_frame   0x0000000000002598       0xbc obj/MW_GPIO.o
 .debug_frame   0x0000000000002654       0xc4 obj/MW_I2C.o
 .debug_frame   0x0000000000002718       0x78 obj/MW_IWDG.o
 .debug_frame   0x0000000000002790      0x164 obj/MW_TIM.o
 .debug_frame   0x00000000000028f4      0x104 obj/MW_USART.o
 .debug_frame   0x00000000000029f8       0xfc obj/message.o
 .debug_frame   0x0000000000002af4      0x19c obj/xprintf.o
 .debug_frame   0x0000000000002c90       0x98 obj/DD_Gene.o
 .debug_frame   0x0000000000002d28       0x4c obj/DD_MD.o
 .debug_frame   0x0000000000002d74       0xd0 obj/DD_RC.o
 .debug_frame   0x0000000000002e44      0x118 obj/SystemTaskManager.o
 .debug_frame   0x0000000000002f5c       0x2c /opt/homebrew/Cellar/arm-none-eabi-gcc/10.3-2021.07/gcc/bin/../lib/gcc/arm-none-eabi/10.3.1/../../../../arm-none-eabi/lib/thumb/v7-m/nofp/libc_nano.a(lib_a-init.o)
 .debug_frame   0x0000000000002f88       0x20 /opt/homebrew/Cellar/arm-none-eabi-gcc/10.3-2021.07/gcc/bin/../lib/gcc/arm-none-eabi/10.3.1/../../../../arm-none-eabi/lib/thumb/v7-m/nofp/libc_nano.a(lib_a-memset.o)

Cross Reference Table

Symbol                                            File
ADC1_2_IRQHandler                                 obj/startup.o
ADC_ConversionStop_Disable                        obj/stm32f1xx_hal_adc.o
                                                  obj/stm32f1xx_hal_adc_ex.o
ADC_DMAConvCplt                                   obj/stm32f1xx_hal_adc.o
                                                  obj/stm32f1xx_hal_adc_ex.o
ADC_DMAError                                      obj/stm32f1xx_hal_adc.o
                                                  obj/stm32f1xx_hal_adc_ex.o
ADC_DMAHalfConvCplt                               obj/stm32f1xx_hal_adc.o
                                                  obj/stm32f1xx_hal_adc_ex.o
ADC_Enable                                        obj/stm32f1xx_hal_adc.o
                                                  obj/stm32f1xx_hal_adc_ex.o
AHBPrescTable                                     obj/system_stm32f1xx.o
                                                  obj/stm32f1xx_hal_rcc.o
APBPrescTable                                     obj/system_stm32f1xx.o
                                                  obj/stm32f1xx_hal_rcc.o
BusFault_Handler                                  obj/stm32f1xx_it.o
CAN1_RX1_IRQHandler                               obj/startup.o
CAN1_SCE_IRQHandler                               obj/startup.o
DD_ABHandPrint                                    obj/DD_AB.o
DD_I2C1Send                                       obj/DD_LD.o
DD_I2C2Receive                                    obj/DD_SS.o
DD_I2CReceive                                     obj/DD_Gene.o
                                                  obj/DD_SV.o
DD_I2CSend                                        obj/DD_Gene.o
                                                  obj/DD_SV.o
                                                  obj/DD_MD.o
                                                  obj/DD_AB.o
DD_InitEncoder1                                   obj/DD_ENCODER.o
DD_InitEncoder2                                   obj/DD_ENCODER.o
DD_LDHandPrint                                    obj/DD_LD.o
DD_MDHandPrint                                    obj/DD_MD.o
                                                  obj/DD_Gene.o
DD_RCGetLX                                        obj/DD_RC.o
DD_RCGetLY                                        obj/DD_RC.o
                                                  obj/app.o
DD_RCGetRX                                        obj/DD_RC.o
DD_RCGetRY                                        obj/DD_RC.o
                                                  obj/app.o
DD_RCInit                                         obj/DD_RC.o
                                                  obj/SystemTaskManager.o
DD_RCPrint                                        obj/DD_RC.o
                                                  obj/SystemTaskManager.o
                                                  obj/constManager.o
DD_RCTask                                         obj/DD_RC.o
                                                  obj/SystemTaskManager.o
DD_RC_element                                     obj/DD_RC.o
DD_SSHandPrint                                    obj/DD_SS.o
DD_SSPullReceiveRequest                           obj/DD_SS.o
DD_SSPutReceiveRequest                            obj/DD_SS.o
DD_doTasks                                        obj/DD_Gene.o
                                                  obj/SystemTaskManager.o
DD_encoder1Get_int32                              obj/DD_ENCODER.o
DD_encoder1update                                 obj/DD_ENCODER.o
DD_encoder2Get_int32                              obj/DD_ENCODER.o
DD_encoder2update                                 obj/DD_ENCODER.o
DD_encoderprint                                   obj/DD_ENCODER.o
DD_initialize                                     obj/DD_Gene.o
                                                  obj/SystemTaskManager.o
DD_print                                          obj/DD_Gene.o
                                                  obj/SystemTaskManager.o
DD_receive2SS                                     obj/DD_SS.o
DD_send2AB                                        obj/DD_AB.o
DD_send2LD                                        obj/DD_LD.o
DD_send2MD                                        obj/DD_MD.o
                                                  obj/DD_Gene.o
DMA1_Channel1_IRQHandler                          obj/startup.o
DMA1_Channel2_IRQHandler                          obj/startup.o
DMA1_Channel3_IRQHandler                          obj/stm32f1xx_it.o
DMA1_Channel4_IRQHandler                          obj/startup.o
DMA1_Channel5_IRQHandler                          obj/startup.o
DMA1_Channel6_IRQHandler                          obj/startup.o
DMA1_Channel7_IRQHandler                          obj/stm32f1xx_it.o
DebugMon_Handler                                  obj/stm32f1xx_it.o
Default_Handler                                   obj/startup.o
EXTI0_IRQHandler                                  obj/startup.o
EXTI15_10_IRQHandler                              obj/startup.o
EXTI1_IRQHandler                                  obj/startup.o
EXTI2_IRQHandler                                  obj/startup.o
EXTI3_IRQHandler                                  obj/startup.o
EXTI4_IRQHandler                                  obj/startup.o
EXTI9_5_IRQHandler                                obj/startup.o
Empty_Check                                       obj/DD_SS.o
Error_Handler                                     obj/msp.o
FLASH_IRQHandler                                  obj/startup.o
FLASH_PageErase                                   obj/stm32f1xx_hal_flash_ex.o
                                                  obj/stm32f1xx_hal_flash.o
FLASH_WaitForLastOperation                        obj/stm32f1xx_hal_flash.o
                                                  obj/stm32f1xx_hal_flash_ex.o
HAL_ADCEx_Calibration_Start                       obj/stm32f1xx_hal_adc_ex.o
HAL_ADCEx_InjectedConfigChannel                   obj/stm32f1xx_hal_adc_ex.o
HAL_ADCEx_InjectedConvCpltCallback                obj/stm32f1xx_hal_adc_ex.o
                                                  obj/stm32f1xx_hal_adc.o
HAL_ADCEx_InjectedGetValue                        obj/stm32f1xx_hal_adc_ex.o
HAL_ADCEx_InjectedPollForConversion               obj/stm32f1xx_hal_adc_ex.o
HAL_ADCEx_InjectedStart                           obj/stm32f1xx_hal_adc_ex.o
HAL_ADCEx_InjectedStart_IT                        obj/stm32f1xx_hal_adc_ex.o
HAL_ADCEx_InjectedStop                            obj/stm32f1xx_hal_adc_ex.o
HAL_ADCEx_InjectedStop_IT                         obj/stm32f1xx_hal_adc_ex.o
HAL_ADCEx_MultiModeConfigChannel                  obj/stm32f1xx_hal_adc_ex.o
HAL_ADCEx_MultiModeGetValue                       obj/stm32f1xx_hal_adc_ex.o
HAL_ADCEx_MultiModeStart_DMA                      obj/stm32f1xx_hal_adc_ex.o
HAL_ADCEx_MultiModeStop_DMA                       obj/stm32f1xx_hal_adc_ex.o
HAL_ADC_AnalogWDGConfig                           obj/stm32f1xx_hal_adc.o
HAL_ADC_ConfigChannel                             obj/stm32f1xx_hal_adc.o
HAL_ADC_ConvCpltCallback                          obj/stm32f1xx_hal_adc.o
HAL_ADC_ConvHalfCpltCallback                      obj/stm32f1xx_hal_adc.o
HAL_ADC_DeInit                                    obj/stm32f1xx_hal_adc.o
HAL_ADC_ErrorCallback                             obj/stm32f1xx_hal_adc.o
HAL_ADC_GetError                                  obj/stm32f1xx_hal_adc.o
HAL_ADC_GetState                                  obj/stm32f1xx_hal_adc.o
HAL_ADC_GetValue                                  obj/stm32f1xx_hal_adc.o
HAL_ADC_IRQHandler                                obj/stm32f1xx_hal_adc.o
HAL_ADC_Init                                      obj/stm32f1xx_hal_adc.o
HAL_ADC_LevelOutOfWindowCallback                  obj/stm32f1xx_hal_adc.o
HAL_ADC_MspDeInit                                 obj/msp.o
HAL_ADC_MspInit                                   obj/msp.o
HAL_ADC_PollForConversion                         obj/stm32f1xx_hal_adc.o
HAL_ADC_PollForEvent                              obj/stm32f1xx_hal_adc.o
HAL_ADC_Start                                     obj/stm32f1xx_hal_adc.o
HAL_ADC_Start_DMA                                 obj/stm32f1xx_hal_adc.o
HAL_ADC_Start_IT                                  obj/stm32f1xx_hal_adc.o
HAL_ADC_Stop                                      obj/stm32f1xx_hal_adc.o
HAL_ADC_Stop_DMA                                  obj/stm32f1xx_hal_adc.o
HAL_ADC_Stop_IT                                   obj/stm32f1xx_hal_adc.o
HAL_DBGMCU_DisableDBGSleepMode                    obj/stm32f1xx_hal.o
HAL_DBGMCU_DisableDBGStandbyMode                  obj/stm32f1xx_hal.o
HAL_DBGMCU_DisableDBGStopMode                     obj/stm32f1xx_hal.o
HAL_DBGMCU_EnableDBGSleepMode                     obj/stm32f1xx_hal.o
HAL_DBGMCU_EnableDBGStandbyMode                   obj/stm32f1xx_hal.o
HAL_DBGMCU_EnableDBGStopMode                      obj/stm32f1xx_hal.o
HAL_DMA_Abort                                     obj/stm32f1xx_hal_dma.o
                                                  obj/stm32f1xx_hal_uart.o
                                                  obj/stm32f1xx_hal_tim.o
                                                  obj/stm32f1xx_hal_spi.o
                                                  obj/stm32f1xx_hal_adc_ex.o
                                                  obj/stm32f1xx_hal_adc.o
HAL_DMA_DeInit                                    obj/stm32f1xx_hal_dma.o
HAL_DMA_GetError                                  obj/stm32f1xx_hal_dma.o
HAL_DMA_GetState                                  obj/stm32f1xx_hal_dma.o
HAL_DMA_IRQHandler                                obj/stm32f1xx_hal_dma.o
                                                  obj/stm32f1xx_it.o
HAL_DMA_Init                                      obj/stm32f1xx_hal_dma.o
                                                  obj/msp.o
HAL_DMA_PollForTransfer                           obj/stm32f1xx_hal_dma.o
HAL_DMA_Start                                     obj/stm32f1xx_hal_dma.o
HAL_DMA_Start_IT                                  obj/stm32f1xx_hal_dma.o
                                                  obj/stm32f1xx_hal_uart.o
                                                  obj/stm32f1xx_hal_tim_ex.o
                                                  obj/stm32f1xx_hal_tim.o
                                                  obj/stm32f1xx_hal_spi.o
                                                  obj/stm32f1xx_hal_i2c.o
                                                  obj/stm32f1xx_hal_adc_ex.o
                                                  obj/stm32f1xx_hal_adc.o
HAL_DeInit                                        obj/stm32f1xx_hal.o
HAL_Delay                                         obj/stm32f1xx_hal.o
                                                  obj/DD_SV.o
                                                  obj/stm32f1xx_hal_rcc.o
HAL_FLASHEx_Erase                                 obj/stm32f1xx_hal_flash_ex.o
                                                  obj/MW_flash.o
HAL_FLASHEx_Erase_IT                              obj/stm32f1xx_hal_flash_ex.o
HAL_FLASHEx_OBErase                               obj/stm32f1xx_hal_flash_ex.o
HAL_FLASHEx_OBGetConfig                           obj/stm32f1xx_hal_flash_ex.o
HAL_FLASHEx_OBGetUserData                         obj/stm32f1xx_hal_flash_ex.o
HAL_FLASHEx_OBProgram                             obj/stm32f1xx_hal_flash_ex.o
HAL_FLASH_EndOfOperationCallback                  obj/stm32f1xx_hal_flash.o
HAL_FLASH_GetError                                obj/stm32f1xx_hal_flash.o
HAL_FLASH_IRQHandler                              obj/stm32f1xx_hal_flash.o
HAL_FLASH_Lock                                    obj/stm32f1xx_hal_flash.o
                                                  obj/MW_flash.o
HAL_FLASH_OB_Launch                               obj/stm32f1xx_hal_flash.o
HAL_FLASH_OB_Lock                                 obj/stm32f1xx_hal_flash.o
HAL_FLASH_OB_Unlock                               obj/stm32f1xx_hal_flash.o
HAL_FLASH_OperationErrorCallback                  obj/stm32f1xx_hal_flash.o
HAL_FLASH_Program                                 obj/stm32f1xx_hal_flash.o
                                                  obj/MW_flash.o
HAL_FLASH_Program_IT                              obj/stm32f1xx_hal_flash.o
HAL_FLASH_Unlock                                  obj/stm32f1xx_hal_flash.o
                                                  obj/MW_flash.o
HAL_GPIOEx_ConfigEventout                         obj/stm32f1xx_hal_gpio_ex.o
HAL_GPIOEx_DisableEventout                        obj/stm32f1xx_hal_gpio_ex.o
HAL_GPIOEx_EnableEventout                         obj/stm32f1xx_hal_gpio_ex.o
HAL_GPIO_DeInit                                   obj/stm32f1xx_hal_gpio.o
                                                  obj/msp.o
HAL_GPIO_EXTI_Callback                            obj/stm32f1xx_hal_gpio.o
HAL_GPIO_EXTI_IRQHandler                          obj/stm32f1xx_hal_gpio.o
HAL_GPIO_Init                                     obj/stm32f1xx_hal_gpio.o
                                                  obj/MW_GPIO.o
                                                  obj/stm32f1xx_hal_rcc.o
                                                  obj/msp.o
HAL_GPIO_LockPin                                  obj/stm32f1xx_hal_gpio.o
HAL_GPIO_ReadPin                                  obj/stm32f1xx_hal_gpio.o
                                                  obj/MW_GPIO.o
HAL_GPIO_TogglePin                                obj/stm32f1xx_hal_gpio.o
                                                  obj/MW_GPIO.o
HAL_GPIO_WritePin                                 obj/stm32f1xx_hal_gpio.o
                                                  obj/MW_GPIO.o
HAL_GetDEVID                                      obj/stm32f1xx_hal.o
HAL_GetHalVersion                                 obj/stm32f1xx_hal.o
HAL_GetREVID                                      obj/stm32f1xx_hal.o
HAL_GetTick                                       obj/stm32f1xx_hal.o
                                                  obj/stm32f1xx_hal_uart.o
                                                  obj/stm32f1xx_hal_spi.o
                                                  obj/stm32f1xx_hal_rcc_ex.o
                                                  obj/stm32f1xx_hal_rcc.o
                                                  obj/stm32f1xx_hal_iwdg.o
                                                  obj/stm32f1xx_hal_i2c.o
                                                  obj/stm32f1xx_hal_flash.o
                                                  obj/stm32f1xx_hal_dma.o
                                                  obj/stm32f1xx_hal_adc_ex.o
                                                  obj/stm32f1xx_hal_adc.o
HAL_HalfDuplex_EnableReceiver                     obj/stm32f1xx_hal_uart.o
HAL_HalfDuplex_EnableTransmitter                  obj/stm32f1xx_hal_uart.o
HAL_HalfDuplex_Init                               obj/stm32f1xx_hal_uart.o
HAL_I2C_DeInit                                    obj/stm32f1xx_hal_i2c.o
HAL_I2C_ER_IRQHandler                             obj/stm32f1xx_hal_i2c.o
HAL_I2C_EV_IRQHandler                             obj/stm32f1xx_hal_i2c.o
HAL_I2C_ErrorCallback                             obj/stm32f1xx_hal_i2c.o
HAL_I2C_GetError                                  obj/stm32f1xx_hal_i2c.o
HAL_I2C_GetState                                  obj/stm32f1xx_hal_i2c.o
HAL_I2C_Init                                      obj/stm32f1xx_hal_i2c.o
                                                  obj/MW_I2C.o
HAL_I2C_IsDeviceReady                             obj/stm32f1xx_hal_i2c.o
HAL_I2C_MasterRxCpltCallback                      obj/stm32f1xx_hal_i2c.o
HAL_I2C_MasterTxCpltCallback                      obj/stm32f1xx_hal_i2c.o
HAL_I2C_Master_Receive                            obj/stm32f1xx_hal_i2c.o
                                                  obj/MW_I2C.o
HAL_I2C_Master_Receive_DMA                        obj/stm32f1xx_hal_i2c.o
HAL_I2C_Master_Receive_IT                         obj/stm32f1xx_hal_i2c.o
HAL_I2C_Master_Transmit                           obj/stm32f1xx_hal_i2c.o
                                                  obj/MW_I2C.o
HAL_I2C_Master_Transmit_DMA                       obj/stm32f1xx_hal_i2c.o
HAL_I2C_Master_Transmit_IT                        obj/stm32f1xx_hal_i2c.o
HAL_I2C_MemRxCpltCallback                         obj/stm32f1xx_hal_i2c.o
HAL_I2C_MemTxCpltCallback                         obj/stm32f1xx_hal_i2c.o
HAL_I2C_Mem_Read                                  obj/stm32f1xx_hal_i2c.o
HAL_I2C_Mem_Read_DMA                              obj/stm32f1xx_hal_i2c.o
HAL_I2C_Mem_Read_IT                               obj/stm32f1xx_hal_i2c.o
HAL_I2C_Mem_Write                                 obj/stm32f1xx_hal_i2c.o
HAL_I2C_Mem_Write_DMA                             obj/stm32f1xx_hal_i2c.o
HAL_I2C_Mem_Write_IT                              obj/stm32f1xx_hal_i2c.o
HAL_I2C_MspDeInit                                 obj/msp.o
HAL_I2C_MspInit                                   obj/msp.o
HAL_I2C_SlaveRxCpltCallback                       obj/stm32f1xx_hal_i2c.o
HAL_I2C_SlaveTxCpltCallback                       obj/stm32f1xx_hal_i2c.o
HAL_I2C_Slave_Receive                             obj/stm32f1xx_hal_i2c.o
HAL_I2C_Slave_Receive_DMA                         obj/stm32f1xx_hal_i2c.o
HAL_I2C_Slave_Receive_IT                          obj/stm32f1xx_hal_i2c.o
HAL_I2C_Slave_Transmit                            obj/stm32f1xx_hal_i2c.o
HAL_I2C_Slave_Transmit_DMA                        obj/stm32f1xx_hal_i2c.o
HAL_I2C_Slave_Transmit_IT                         obj/stm32f1xx_hal_i2c.o
HAL_IWDG_GetState                                 obj/stm32f1xx_hal_iwdg.o
                                                  obj/MW_IWDG.o
HAL_IWDG_Init                                     obj/stm32f1xx_hal_iwdg.o
                                                  obj/MW_IWDG.o
HAL_IWDG_MspInit                                  obj/stm32f1xx_hal_iwdg.o
HAL_IWDG_Refresh                                  obj/stm32f1xx_hal_iwdg.o
                                                  obj/MW_IWDG.o
HAL_IWDG_Start                                    obj/stm32f1xx_hal_iwdg.o
                                                  obj/MW_IWDG.o
HAL_IncTick                                       obj/stm32f1xx_hal.o
                                                  obj/stm32f1xx_it.o
HAL_Init                                          obj/stm32f1xx_hal.o
                                                  obj/SystemTaskManager.o
HAL_InitTick                                      obj/stm32f1xx_hal.o
                                                  obj/stm32f1xx_hal_rcc.o
HAL_LIN_Init                                      obj/stm32f1xx_hal_uart.o
HAL_LIN_SendBreak                                 obj/stm32f1xx_hal_uart.o
HAL_MspDeInit                                     obj/stm32f1xx_hal.o
HAL_MspInit                                       obj/msp.o
HAL_MultiProcessor_EnterMuteMode                  obj/stm32f1xx_hal_uart.o
HAL_MultiProcessor_ExitMuteMode                   obj/stm32f1xx_hal_uart.o
HAL_MultiProcessor_Init                           obj/stm32f1xx_hal_uart.o
HAL_NVIC_ClearPendingIRQ                          obj/stm32f1xx_hal_cortex.o
HAL_NVIC_DisableIRQ                               obj/stm32f1xx_hal_cortex.o
                                                  obj/msp.o
HAL_NVIC_EnableIRQ                                obj/stm32f1xx_hal_cortex.o
                                                  obj/msp.o
HAL_NVIC_GetActive                                obj/stm32f1xx_hal_cortex.o
HAL_NVIC_GetPendingIRQ                            obj/stm32f1xx_hal_cortex.o
HAL_NVIC_GetPriority                              obj/stm32f1xx_hal_cortex.o
HAL_NVIC_GetPriorityGrouping                      obj/stm32f1xx_hal_cortex.o
HAL_NVIC_SetPendingIRQ                            obj/stm32f1xx_hal_cortex.o
HAL_NVIC_SetPriority                              obj/stm32f1xx_hal_cortex.o
                                                  obj/SystemTaskManager.o
                                                  obj/stm32f1xx_hal.o
                                                  obj/msp.o
HAL_NVIC_SetPriorityGrouping                      obj/stm32f1xx_hal_cortex.o
                                                  obj/stm32f1xx_hal.o
                                                  obj/msp.o
HAL_NVIC_SystemReset                              obj/stm32f1xx_hal_cortex.o
                                                  obj/stm32f1xx_hal_flash.o
HAL_PWR_ConfigPVD                                 obj/stm32f1xx_hal_pwr.o
HAL_PWR_DeInit                                    obj/stm32f1xx_hal_pwr.o
HAL_PWR_DisableBkUpAccess                         obj/stm32f1xx_hal_pwr.o
HAL_PWR_DisablePVD                                obj/stm32f1xx_hal_pwr.o
HAL_PWR_DisableSEVOnPend                          obj/stm32f1xx_hal_pwr.o
HAL_PWR_DisableSleepOnExit                        obj/stm32f1xx_hal_pwr.o
HAL_PWR_DisableWakeUpPin                          obj/stm32f1xx_hal_pwr.o